Archive member included to satisfy reference by file (symbol)

c:/st/stm32cubeide_1.12.1/stm32cubeide/plugins/com.st.stm32cube.ide.mcu.externaltools.gnu-tools-for-stm32.10.3-2021.10.win32_1.0.200.202301161003/tools/bin/../lib/gcc/arm-none-eabi/10.3.1/../../../../arm-none-eabi/lib/thumb/v7-m/nofp\libc_nano.a(lib_a-errno.o)
                              ./Core/Src/syscalls.o (__errno)
c:/st/stm32cubeide_1.12.1/stm32cubeide/plugins/com.st.stm32cube.ide.mcu.externaltools.gnu-tools-for-stm32.10.3-2021.10.win32_1.0.200.202301161003/tools/bin/../lib/gcc/arm-none-eabi/10.3.1/../../../../arm-none-eabi/lib/thumb/v7-m/nofp\libc_nano.a(lib_a-exit.o)
                              c:/st/stm32cubeide_1.12.1/stm32cubeide/plugins/com.st.stm32cube.ide.mcu.externaltools.gnu-tools-for-stm32.10.3-2021.10.win32_1.0.200.202301161003/tools/bin/../lib/gcc/arm-none-eabi/10.3.1/../../../../arm-none-eabi/lib/thumb/v7-m/nofp/crt0.o (exit)
c:/st/stm32cubeide_1.12.1/stm32cubeide/plugins/com.st.stm32cube.ide.mcu.externaltools.gnu-tools-for-stm32.10.3-2021.10.win32_1.0.200.202301161003/tools/bin/../lib/gcc/arm-none-eabi/10.3.1/../../../../arm-none-eabi/lib/thumb/v7-m/nofp\libc_nano.a(lib_a-impure.o)
                              c:/st/stm32cubeide_1.12.1/stm32cubeide/plugins/com.st.stm32cube.ide.mcu.externaltools.gnu-tools-for-stm32.10.3-2021.10.win32_1.0.200.202301161003/tools/bin/../lib/gcc/arm-none-eabi/10.3.1/../../../../arm-none-eabi/lib/thumb/v7-m/nofp\libc_nano.a(lib_a-exit.o) (_global_impure_ptr)
c:/st/stm32cubeide_1.12.1/stm32cubeide/plugins/com.st.stm32cube.ide.mcu.externaltools.gnu-tools-for-stm32.10.3-2021.10.win32_1.0.200.202301161003/tools/bin/../lib/gcc/arm-none-eabi/10.3.1/../../../../arm-none-eabi/lib/thumb/v7-m/nofp\libc_nano.a(lib_a-init.o)
                              c:/st/stm32cubeide_1.12.1/stm32cubeide/plugins/com.st.stm32cube.ide.mcu.externaltools.gnu-tools-for-stm32.10.3-2021.10.win32_1.0.200.202301161003/tools/bin/../lib/gcc/arm-none-eabi/10.3.1/../../../../arm-none-eabi/lib/thumb/v7-m/nofp/crt0.o (__libc_init_array)
c:/st/stm32cubeide_1.12.1/stm32cubeide/plugins/com.st.stm32cube.ide.mcu.externaltools.gnu-tools-for-stm32.10.3-2021.10.win32_1.0.200.202301161003/tools/bin/../lib/gcc/arm-none-eabi/10.3.1/../../../../arm-none-eabi/lib/thumb/v7-m/nofp\libc_nano.a(lib_a-memset.o)
                              c:/st/stm32cubeide_1.12.1/stm32cubeide/plugins/com.st.stm32cube.ide.mcu.externaltools.gnu-tools-for-stm32.10.3-2021.10.win32_1.0.200.202301161003/tools/bin/../lib/gcc/arm-none-eabi/10.3.1/../../../../arm-none-eabi/lib/thumb/v7-m/nofp/crt0.o (memset)

Discarded input sections

 .text          0x0000000000000000        0x0 c:/st/stm32cubeide_1.12.1/stm32cubeide/plugins/com.st.stm32cube.ide.mcu.externaltools.gnu-tools-for-stm32.10.3-2021.10.win32_1.0.200.202301161003/tools/bin/../lib/gcc/arm-none-eabi/10.3.1/thumb/v7-m/nofp/crti.o
 .data          0x0000000000000000        0x0 c:/st/stm32cubeide_1.12.1/stm32cubeide/plugins/com.st.stm32cube.ide.mcu.externaltools.gnu-tools-for-stm32.10.3-2021.10.win32_1.0.200.202301161003/tools/bin/../lib/gcc/arm-none-eabi/10.3.1/thumb/v7-m/nofp/crti.o
 .bss           0x0000000000000000        0x0 c:/st/stm32cubeide_1.12.1/stm32cubeide/plugins/com.st.stm32cube.ide.mcu.externaltools.gnu-tools-for-stm32.10.3-2021.10.win32_1.0.200.202301161003/tools/bin/../lib/gcc/arm-none-eabi/10.3.1/thumb/v7-m/nofp/crti.o
 .data          0x0000000000000000        0x4 c:/st/stm32cubeide_1.12.1/stm32cubeide/plugins/com.st.stm32cube.ide.mcu.externaltools.gnu-tools-for-stm32.10.3-2021.10.win32_1.0.200.202301161003/tools/bin/../lib/gcc/arm-none-eabi/10.3.1/thumb/v7-m/nofp/crtbegin.o
 .rodata        0x0000000000000000       0x24 c:/st/stm32cubeide_1.12.1/stm32cubeide/plugins/com.st.stm32cube.ide.mcu.externaltools.gnu-tools-for-stm32.10.3-2021.10.win32_1.0.200.202301161003/tools/bin/../lib/gcc/arm-none-eabi/10.3.1/thumb/v7-m/nofp/crtbegin.o
 .text          0x0000000000000000       0x7c c:/st/stm32cubeide_1.12.1/stm32cubeide/plugins/com.st.stm32cube.ide.mcu.externaltools.gnu-tools-for-stm32.10.3-2021.10.win32_1.0.200.202301161003/tools/bin/../lib/gcc/arm-none-eabi/10.3.1/../../../../arm-none-eabi/lib/thumb/v7-m/nofp/crt0.o
 .data          0x0000000000000000        0x0 c:/st/stm32cubeide_1.12.1/stm32cubeide/plugins/com.st.stm32cube.ide.mcu.externaltools.gnu-tools-for-stm32.10.3-2021.10.win32_1.0.200.202301161003/tools/bin/../lib/gcc/arm-none-eabi/10.3.1/../../../../arm-none-eabi/lib/thumb/v7-m/nofp/crt0.o
 .bss           0x0000000000000000        0x0 c:/st/stm32cubeide_1.12.1/stm32cubeide/plugins/com.st.stm32cube.ide.mcu.externaltools.gnu-tools-for-stm32.10.3-2021.10.win32_1.0.200.202301161003/tools/bin/../lib/gcc/arm-none-eabi/10.3.1/../../../../arm-none-eabi/lib/thumb/v7-m/nofp/crt0.o
[...]
Memory Configuration

Name             Origin             Length             Attributes
RAM              0x0000000020000000 0x000000000000c000 xrw
FLASH            0x0000000008000000 0x0000000000040000 xr
*default*        0x0000000000000000 0xffffffffffffffff

Linker script and memory map

LOAD c:/st/stm32cubeide_1.12.1/stm32cubeide/plugins/com.st.stm32cube.ide.mcu.externaltools.gnu-tools-for-stm32.10.3-2021.10.win32_1.0.200.202301161003/tools/bin/../lib/gcc/arm-none-eabi/10.3.1/thumb/v7-m/nofp/crti.o
LOAD c:/st/stm32cubeide_1.12.1/stm32cubeide/plugins/com.st.stm32cube.ide.mcu.externaltools.gnu-tools-for-stm32.10.3-2021.10.win32_1.0.200.202301161003/tools/bin/../lib/gcc/arm-none-eabi/10.3.1/thumb/v7-m/nofp/crtbegin.o
LOAD c:/st/stm32cubeide_1.12.1/stm32cubeide/plugins/com.st.stm32cube.ide.mcu.externaltools.gnu-tools-for-stm32.10.3-2021.10.win32_1.0.200.202301161003/tools/bin/../lib/gcc/arm-none-eabi/10.3.1/../../../../arm-none-eabi/lib/thumb/v7-m/nofp/crt0.o
LOAD ./Core/Src/main.o
LOAD ./Core/Src/my_RGB.o
LOAD ./Core/Src/my_tft.o
LOAD ./Core/Src/stm32f1xx_hal_msp.o
LOAD ./Core/Src/stm32f1xx_it.o
LOAD ./Core/Src/syscalls.o
LOAD ./Core/Src/sysmem.o
LOAD ./Core/Src/system_stm32f1xx.o
LOAD ./Core/Startup/startup_stm32f103rctx.o
LOAD ./Drivers/STM32F1xx_HAL_Driver/Src/stm32f1xx_hal.o
LOAD ./Drivers/STM32F1xx_HAL_Driver/Src/stm32f1xx_hal_cortex.o
LOAD ./Drivers/STM32F1xx_HAL_Driver/Src/stm32f1xx_hal_dma.o
LOAD ./Drivers/STM32F1xx_HAL_Driver/Src/stm32f1xx_hal_exti.o
LOAD ./Drivers/STM32F1xx_HAL_Driver/Src/stm32f1xx_hal_flash.o
LOAD ./Drivers/STM32F1xx_HAL_Driver/Src/stm32f1xx_hal_flash_ex.o
LOAD ./Drivers/STM32F1xx_HAL_Driver/Src/stm32f1xx_hal_gpio.o
LOAD ./Drivers/STM32F1xx_HAL_Driver/Src/stm32f1xx_hal_gpio_ex.o
LOAD ./Drivers/STM32F1xx_HAL_Driver/Src/stm32f1xx_hal_pcd.o
LOAD ./Drivers/STM32F1xx_HAL_Driver/Src/stm32f1xx_hal_pcd_ex.o
LOAD ./Drivers/STM32F1xx_HAL_Driver/Src/stm32f1xx_hal_pwr.o
LOAD ./Drivers/STM32F1xx_HAL_Driver/Src/stm32f1xx_hal_rcc.o
LOAD ./Drivers/STM32F1xx_HAL_Driver/Src/stm32f1xx_hal_rcc_ex.o
LOAD ./Drivers/STM32F1xx_HAL_Driver/Src/stm32f1xx_hal_tim.o
LOAD ./Drivers/STM32F1xx_HAL_Driver/Src/stm32f1xx_hal_tim_ex.o
LOAD ./Drivers/STM32F1xx_HAL_Driver/Src/stm32f1xx_ll_usb.o
LOAD ./Middlewares/ST/STM32_USB_Device_Library/Class/HID/Src/usbd_hid.o
LOAD ./Middlewares/ST/STM32_USB_Device_Library/Core/Src/usbd_core.o
LOAD ./Middlewares/ST/STM32_USB_Device_Library/Core/Src/usbd_ctlreq.o
LOAD ./Middlewares/ST/STM32_USB_Device_Library/Core/Src/usbd_ioreq.o
LOAD ./USB_DEVICE/App/usb_device.o
LOAD ./USB_DEVICE/App/usbd_desc.o
LOAD ./USB_DEVICE/Target/usbd_conf.o
START GROUP
LOAD c:/st/stm32cubeide_1.12.1/stm32cubeide/plugins/com.st.stm32cube.ide.mcu.externaltools.gnu-tools-for-stm32.10.3-2021.10.win32_1.0.200.202301161003/tools/bin/../lib/gcc/arm-none-eabi/10.3.1/../../../../arm-none-eabi/lib/thumb/v7-m/nofp\libstdc++_nano.a
LOAD c:/st/stm32cubeide_1.12.1/stm32cubeide/plugins/com.st.stm32cube.ide.mcu.externaltools.gnu-tools-for-stm32.10.3-2021.10.win32_1.0.200.202301161003/tools/bin/../lib/gcc/arm-none-eabi/10.3.1/../../../../arm-none-eabi/lib/thumb/v7-m/nofp\libsupc++_nano.a
END GROUP
LOAD c:/st/stm32cubeide_1.12.1/stm32cubeide/plugins/com.st.stm32cube.ide.mcu.externaltools.gnu-tools-for-stm32.10.3-2021.10.win32_1.0.200.202301161003/tools/bin/../lib/gcc/arm-none-eabi/10.3.1/../../../../arm-none-eabi/lib/thumb/v7-m/nofp\libstdc++_nano.a
LOAD c:/st/stm32cubeide_1.12.1/stm32cubeide/plugins/com.st.stm32cube.ide.mcu.externaltools.gnu-tools-for-stm32.10.3-2021.10.win32_1.0.200.202301161003/tools/bin/../lib/gcc/arm-none-eabi/10.3.1/../../../../arm-none-eabi/lib/thumb/v7-m/nofp\libm.a
LOAD c:/st/stm32cubeide_1.12.1/stm32cubeide/plugins/com.st.stm32cube.ide.mcu.externaltools.gnu-tools-for-stm32.10.3-2021.10.win32_1.0.200.202301161003/tools/bin/../lib/gcc/arm-none-eabi/10.3.1/../../../../arm-none-eabi/lib/thumb/v7-m/nofp\libc_nano.a
START GROUP
LOAD c:/st/stm32cubeide_1.12.1/stm32cubeide/plugins/com.st.stm32cube.ide.mcu.externaltools.gnu-tools-for-stm32.10.3-2021.10.win32_1.0.200.202301161003/tools/bin/../lib/gcc/arm-none-eabi/10.3.1/thumb/v7-m/nofp\libgcc.a
LOAD c:/st/stm32cubeide_1.12.1/stm32cubeide/plugins/com.st.stm32cube.ide.mcu.externaltools.gnu-tools-for-stm32.10.3-2021.10.win32_1.0.200.202301161003/tools/bin/../lib/gcc/arm-none-eabi/10.3.1/../../../../arm-none-eabi/lib/thumb/v7-m/nofp\libc_nano.a
END GROUP
START GROUP
LOAD c:/st/stm32cubeide_1.12.1/stm32cubeide/plugins/com.st.stm32cube.ide.mcu.externaltools.gnu-tools-for-stm32.10.3-2021.10.win32_1.0.200.202301161003/tools/bin/../lib/gcc/arm-none-eabi/10.3.1/thumb/v7-m/nofp\libgcc.a
LOAD c:/st/stm32cubeide_1.12.1/stm32cubeide/plugins/com.st.stm32cube.ide.mcu.externaltools.gnu-tools-for-stm32.10.3-2021.10.win32_1.0.200.202301161003/tools/bin/../lib/gcc/arm-none-eabi/10.3.1/../../../../arm-none-eabi/lib/thumb/v7-m/nofp\libc_nano.a
LOAD c:/st/stm32cubeide_1.12.1/stm32cubeide/plugins/com.st.stm32cube.ide.mcu.externaltools.gnu-tools-for-stm32.10.3-2021.10.win32_1.0.200.202301161003/tools/bin/../lib/gcc/arm-none-eabi/10.3.1/../../../../arm-none-eabi/lib/thumb/v7-m/nofp\libnosys.a
END GROUP
START GROUP
LOAD c:/st/stm32cubeide_1.12.1/stm32cubeide/plugins/com.st.stm32cube.ide.mcu.externaltools.gnu-tools-for-stm32.10.3-2021.10.win32_1.0.200.202301161003/tools/bin/../lib/gcc/arm-none-eabi/10.3.1/thumb/v7-m/nofp\libgcc.a
LOAD c:/st/stm32cubeide_1.12.1/stm32cubeide/plugins/com.st.stm32cube.ide.mcu.externaltools.gnu-tools-for-stm32.10.3-2021.10.win32_1.0.200.202301161003/tools/bin/../lib/gcc/arm-none-eabi/10.3.1/../../../../arm-none-eabi/lib/thumb/v7-m/nofp\libc_nano.a
LOAD c:/st/stm32cubeide_1.12.1/stm32cubeide/plugins/com.st.stm32cube.ide.mcu.externaltools.gnu-tools-for-stm32.10.3-2021.10.win32_1.0.200.202301161003/tools/bin/../lib/gcc/arm-none-eabi/10.3.1/../../../../arm-none-eabi/lib/thumb/v7-m/nofp\libnosys.a
END GROUP
LOAD c:/st/stm32cubeide_1.12.1/stm32cubeide/plugins/com.st.stm32cube.ide.mcu.externaltools.gnu-tools-for-stm32.10.3-2021.10.win32_1.0.200.202301161003/tools/bin/../lib/gcc/arm-none-eabi/10.3.1/thumb/v7-m/nofp/crtend.o
LOAD c:/st/stm32cubeide_1.12.1/stm32cubeide/plugins/com.st.stm32cube.ide.mcu.externaltools.gnu-tools-for-stm32.10.3-2021.10.win32_1.0.200.202301161003/tools/bin/../lib/gcc/arm-none-eabi/10.3.1/thumb/v7-m/nofp/crtn.o
                0x000000002000c000                _estack = (ORIGIN (RAM) + LENGTH (RAM))
                0x0000000000000200                _Min_Heap_Size = 0x200
                0x0000000000000400                _Min_Stack_Size = 0x400

.isr_vector     0x0000000008000000      0x1e4
                0x0000000008000000                . = ALIGN (0x4)
 *(.isr_vector)
 .isr_vector    0x0000000008000000      0x1e4 ./Core/Startup/startup_stm32f103rctx.o
                0x0000000008000000                g_pfnVectors
                0x00000000080001e4                . = ALIGN (0x4)

.text           0x00000000080001e4     0xa1c4
                0x00000000080001e4                . = ALIGN (0x4)
 *(.text)
 .text          0x00000000080001e4       0x40 c:/st/stm32cubeide_1.12.1/stm32cubeide/plugins/com.st.stm32cube.ide.mcu.externaltools.gnu-tools-for-stm32.10.3-2021.10.win32_1.0.200.202301161003/tools/bin/../lib/gcc/arm-none-eabi/10.3.1/thumb/v7-m/nofp/crtbegin.o
 *(.text*)
 .text.main     0x0000000008000224      0x5f4 ./Core/Src/main.o
                0x0000000008000224                main
 .text.SystemClock_Config
                0x0000000008000818       0xb8 ./Core/Src/main.o
                0x0000000008000818                SystemClock_Config
 .text.MX_TIM1_Init
                0x00000000080008d0      0x140 ./Core/Src/main.o
 .text.MX_TIM2_Init
                0x0000000008000a10       0x98 ./Core/Src/main.o
 .text.MX_TIM3_Init
                0x0000000008000aa8       0x98 ./Core/Src/main.o
 .text.MX_DMA_Init
                0x0000000008000b40       0x3c ./Core/Src/main.o
 .text.MX_GPIO_Init
                0x0000000008000b7c      0x13c ./Core/Src/main.o
 .text.HAL_TIM_PeriodElapsedCallback
                0x0000000008000cb8      0x1f0 ./Core/Src/main.o
                0x0000000008000cb8                HAL_TIM_PeriodElapsedCallback
 .text.Error_Handler
                0x0000000008000ea8        0xa ./Core/Src/main.o
                0x0000000008000ea8                Error_Handler
 *fill*         0x0000000008000eb2        0x2 
 .text.RGB_SetColor32
                0x0000000008000eb4       0x74 ./Core/Src/my_RGB.o
                0x0000000008000eb4                RGB_SetColor32
 .text.Reset_Load
                0x0000000008000f28       0x54 ./Core/Src/my_RGB.o
                0x0000000008000f28                Reset_Load
 .text.RGB_SendLEDData
                0x0000000008000f7c       0x24 ./Core/Src/my_RGB.o
                0x0000000008000f7c                RGB_SendLEDData
 .text.RGB_SetAllColor32
                0x0000000008000fa0       0x2c ./Core/Src/my_RGB.o
                0x0000000008000fa0                RGB_SetAllColor32
 .text.__AddData
                0x0000000008000fcc       0x64 ./Core/Src/my_tft.o
                0x0000000008000fcc                __AddData
 .text.NextData
                0x0000000008001030       0x50 ./Core/Src/my_tft.o
                0x0000000008001030                NextData
 .text.TFT_SyncInit
                0x0000000008001080      0x31c ./Core/Src/my_tft.o
                0x0000000008001080                TFT_SyncInit
 .text.MyTFT_SyncCore
                0x000000000800139c      0x244 ./Core/Src/my_tft.o
                0x000000000800139c                MyTFT_SyncCore
 .text.MyTFT_SyncWriteData
                0x00000000080015e0      0x14a ./Core/Src/my_tft.o
                0x00000000080015e0                MyTFT_SyncWriteData
 *fill*         0x000000000800172a        0x2 
 .text.MyTFT_SyncWriteASCII
                0x000000000800172c       0x9c ./Core/Src/my_tft.o
                0x000000000800172c                MyTFT_SyncWriteASCII
 .text.MyTFT_SyncPrintChar
                0x00000000080017c8       0x84 ./Core/Src/my_tft.o
                0x00000000080017c8                MyTFT_SyncPrintChar
 .text.MyTFT_OpenScreen
                0x000000000800184c       0x20 ./Core/Src/my_tft.o
                0x000000000800184c                MyTFT_OpenScreen
 .text.MyTFT_CloseScreen
                0x000000000800186c       0x20 ./Core/Src/my_tft.o
                0x000000000800186c                MyTFT_CloseScreen
 .text.HAL_MspInit
                0x000000000800188c       0x64 ./Core/Src/stm32f1xx_hal_msp.o
                0x000000000800188c                HAL_MspInit
 .text.HAL_TIM_Base_MspInit
                0x00000000080018f0      0x100 ./Core/Src/stm32f1xx_hal_msp.o
                0x00000000080018f0                HAL_TIM_Base_MspInit
 .text.HAL_TIM_MspPostInit
                0x00000000080019f0       0x68 ./Core/Src/stm32f1xx_hal_msp.o
                0x00000000080019f0                HAL_TIM_MspPostInit
 .text.NMI_Handler
                0x0000000008001a58        0x6 ./Core/Src/stm32f1xx_it.o
                0x0000000008001a58                NMI_Handler
 .text.HardFault_Handler
                0x0000000008001a5e        0x6 ./Core/Src/stm32f1xx_it.o
                0x0000000008001a5e                HardFault_Handler
 .text.MemManage_Handler
                0x0000000008001a64        0x6 ./Core/Src/stm32f1xx_it.o
                0x0000000008001a64                MemManage_Handler
 .text.BusFault_Handler
                0x0000000008001a6a        0x6 ./Core/Src/stm32f1xx_it.o
                0x0000000008001a6a                BusFault_Handler
 .text.UsageFault_Handler
                0x0000000008001a70        0x6 ./Core/Src/stm32f1xx_it.o
                0x0000000008001a70                UsageFault_Handler
 .text.SVC_Handler
                0x0000000008001a76        0xc ./Core/Src/stm32f1xx_it.o
                0x0000000008001a76                SVC_Handler
 .text.DebugMon_Handler
                0x0000000008001a82        0xc ./Core/Src/stm32f1xx_it.o
                0x0000000008001a82                DebugMon_Handler
 .text.PendSV_Handler
                0x0000000008001a8e        0xc ./Core/Src/stm32f1xx_it.o
                0x0000000008001a8e                PendSV_Handler
 .text.SysTick_Handler
                0x0000000008001a9a        0xc ./Core/Src/stm32f1xx_it.o
                0x0000000008001a9a                SysTick_Handler
 *fill*         0x0000000008001aa6        0x2 
 .text.DMA1_Channel3_IRQHandler
                0x0000000008001aa8       0x14 ./Core/Src/stm32f1xx_it.o
                0x0000000008001aa8                DMA1_Channel3_IRQHandler
 .text.USB_LP_CAN1_RX0_IRQHandler
                0x0000000008001abc       0x14 ./Core/Src/stm32f1xx_it.o
                0x0000000008001abc                USB_LP_CAN1_RX0_IRQHandler
 .text.TIM2_IRQHandler
                0x0000000008001ad0       0x14 ./Core/Src/stm32f1xx_it.o
                0x0000000008001ad0                TIM2_IRQHandler
 .text.TIM3_IRQHandler
                0x0000000008001ae4       0x14 ./Core/Src/stm32f1xx_it.o
                0x0000000008001ae4                TIM3_IRQHandler
 .text.SystemInit
                0x0000000008001af8        0xc ./Core/Src/system_stm32f1xx.o
                0x0000000008001af8                SystemInit
 .text.Reset_Handler
                0x0000000008001b04       0x48 ./Core/Startup/startup_stm32f103rctx.o
                0x0000000008001b04                Reset_Handler
 .text.Default_Handler
                0x0000000008001b4c        0x2 ./Core/Startup/startup_stm32f103rctx.o
                0x0000000008001b4c                RTC_Alarm_IRQHandler
                0x0000000008001b4c                EXTI2_IRQHandler
                0x0000000008001b4c                TIM8_TRG_COM_IRQHandler
                0x0000000008001b4c                TIM8_CC_IRQHandler
                0x0000000008001b4c                TIM1_CC_IRQHandler
                0x0000000008001b4c                TIM6_IRQHandler
                0x0000000008001b4c                PVD_IRQHandler
                0x0000000008001b4c                SDIO_IRQHandler
                0x0000000008001b4c                EXTI3_IRQHandler
                0x0000000008001b4c                EXTI0_IRQHandler
                0x0000000008001b4c                I2C2_EV_IRQHandler
                0x0000000008001b4c                ADC1_2_IRQHandler
                0x0000000008001b4c                SPI1_IRQHandler
                0x0000000008001b4c                TAMPER_IRQHandler
                0x0000000008001b4c                TIM8_UP_IRQHandler
                0x0000000008001b4c                DMA2_Channel2_IRQHandler
                0x0000000008001b4c                DMA1_Channel4_IRQHandler
                0x0000000008001b4c                USART3_IRQHandler
                0x0000000008001b4c                RTC_IRQHandler
                0x0000000008001b4c                DMA1_Channel7_IRQHandler
                0x0000000008001b4c                CAN1_RX1_IRQHandler
                0x0000000008001b4c                UART5_IRQHandler
                0x0000000008001b4c                ADC3_IRQHandler
                0x0000000008001b4c                TIM4_IRQHandler
                0x0000000008001b4c                DMA2_Channel1_IRQHandler
                0x0000000008001b4c                I2C1_EV_IRQHandler
                0x0000000008001b4c                DMA1_Channel6_IRQHandler
                0x0000000008001b4c                UART4_IRQHandler
                0x0000000008001b4c                RCC_IRQHandler
                0x0000000008001b4c                TIM1_TRG_COM_IRQHandler
                0x0000000008001b4c                DMA1_Channel1_IRQHandler
                0x0000000008001b4c                Default_Handler
                0x0000000008001b4c                EXTI15_10_IRQHandler
                0x0000000008001b4c                TIM7_IRQHandler
                0x0000000008001b4c                TIM5_IRQHandler
                0x0000000008001b4c                EXTI9_5_IRQHandler
                0x0000000008001b4c                SPI2_IRQHandler
                0x0000000008001b4c                DMA1_Channel5_IRQHandler
                0x0000000008001b4c                EXTI4_IRQHandler
                0x0000000008001b4c                USB_HP_CAN1_TX_IRQHandler
                0x0000000008001b4c                FSMC_IRQHandler
                0x0000000008001b4c                TIM1_UP_IRQHandler
                0x0000000008001b4c                WWDG_IRQHandler
                0x0000000008001b4c                TIM1_BRK_IRQHandler
                0x0000000008001b4c                EXTI1_IRQHandler
                0x0000000008001b4c                DMA2_Channel4_5_IRQHandler
                0x0000000008001b4c                USART2_IRQHandler
                0x0000000008001b4c                I2C2_ER_IRQHandler
                0x0000000008001b4c                DMA1_Channel2_IRQHandler
                0x0000000008001b4c                TIM8_BRK_IRQHandler
                0x0000000008001b4c                CAN1_SCE_IRQHandler
                0x0000000008001b4c                FLASH_IRQHandler
                0x0000000008001b4c                USART1_IRQHandler
                0x0000000008001b4c                SPI3_IRQHandler
                0x0000000008001b4c                I2C1_ER_IRQHandler
                0x0000000008001b4c                USBWakeUp_IRQHandler
                0x0000000008001b4c                DMA2_Channel3_IRQHandler
 *fill*         0x0000000008001b4e        0x2 
 .text.HAL_Init
                0x0000000008001b50       0x2c ./Drivers/STM32F1xx_HAL_Driver/Src/stm32f1xx_hal.o
                0x0000000008001b50                HAL_Init
 .text.HAL_InitTick
                0x0000000008001b7c       0x60 ./Drivers/STM32F1xx_HAL_Driver/Src/stm32f1xx_hal.o
                0x0000000008001b7c                HAL_InitTick
 .text.HAL_IncTick
                0x0000000008001bdc       0x24 ./Drivers/STM32F1xx_HAL_Driver/Src/stm32f1xx_hal.o
                0x0000000008001bdc                HAL_IncTick
 .text.HAL_GetTick
                0x0000000008001c00       0x14 ./Drivers/STM32F1xx_HAL_Driver/Src/stm32f1xx_hal.o
                0x0000000008001c00                HAL_GetTick
 .text.__NVIC_SetPriorityGrouping
                0x0000000008001c14       0x48 ./Drivers/STM32F1xx_HAL_Driver/Src/stm32f1xx_hal_cortex.o
 .text.__NVIC_GetPriorityGrouping
                0x0000000008001c5c       0x1c ./Drivers/STM32F1xx_HAL_Driver/Src/stm32f1xx_hal_cortex.o
 .text.__NVIC_EnableIRQ
                0x0000000008001c78       0x38 ./Drivers/STM32F1xx_HAL_Driver/Src/stm32f1xx_hal_cortex.o
 .text.__NVIC_SetPriority
                0x0000000008001cb0       0x54 ./Drivers/STM32F1xx_HAL_Driver/Src/stm32f1xx_hal_cortex.o
 .text.NVIC_EncodePriority
                0x0000000008001d04       0x64 ./Drivers/STM32F1xx_HAL_Driver/Src/stm32f1xx_hal_cortex.o
 .text.SysTick_Config
                0x0000000008001d68       0x44 ./Drivers/STM32F1xx_HAL_Driver/Src/stm32f1xx_hal_cortex.o
 .text.HAL_NVIC_SetPriorityGrouping
                0x0000000008001dac       0x16 ./Drivers/STM32F1xx_HAL_Driver/Src/stm32f1xx_hal_cortex.o
                0x0000000008001dac                HAL_NVIC_SetPriorityGrouping
 .text.HAL_NVIC_SetPriority
                0x0000000008001dc2       0x38 ./Drivers/STM32F1xx_HAL_Driver/Src/stm32f1xx_hal_cortex.o
                0x0000000008001dc2                HAL_NVIC_SetPriority
 .text.HAL_NVIC_EnableIRQ
                0x0000000008001dfa       0x1c ./Drivers/STM32F1xx_HAL_Driver/Src/stm32f1xx_hal_cortex.o
                0x0000000008001dfa                HAL_NVIC_EnableIRQ
 .text.HAL_SYSTICK_Config
                0x0000000008001e16       0x18 ./Drivers/STM32F1xx_HAL_Driver/Src/stm32f1xx_hal_cortex.o
                0x0000000008001e16                HAL_SYSTICK_Config
 *fill*         0x0000000008001e2e        0x2 
 .text.HAL_DMA_Init
                0x0000000008001e30       0xec ./Drivers/STM32F1xx_HAL_Driver/Src/stm32f1xx_hal_dma.o
                0x0000000008001e30                HAL_DMA_Init
 .text.HAL_DMA_Start_IT
                0x0000000008001f1c       0xc0 ./Drivers/STM32F1xx_HAL_Driver/Src/stm32f1xx_hal_dma.o
                0x0000000008001f1c                HAL_DMA_Start_IT
 .text.HAL_DMA_IRQHandler
                0x0000000008001fdc      0x478 ./Drivers/STM32F1xx_HAL_Driver/Src/stm32f1xx_hal_dma.o
                0x0000000008001fdc                HAL_DMA_IRQHandler
 .text.DMA_SetConfig
                0x0000000008002454       0x5a ./Drivers/STM32F1xx_HAL_Driver/Src/stm32f1xx_hal_dma.o
 *fill*         0x00000000080024ae        0x2 
 .text.HAL_GPIO_Init
                0x00000000080024b0      0x328 ./Drivers/STM32F1xx_HAL_Driver/Src/stm32f1xx_hal_gpio.o
                0x00000000080024b0                HAL_GPIO_Init
 .text.HAL_GPIO_ReadPin
                0x00000000080027d8       0x2e ./Drivers/STM32F1xx_HAL_Driver/Src/stm32f1xx_hal_gpio.o
                0x00000000080027d8                HAL_GPIO_ReadPin
 .text.HAL_GPIO_WritePin
                0x0000000008002806       0x30 ./Drivers/STM32F1xx_HAL_Driver/Src/stm32f1xx_hal_gpio.o
                0x0000000008002806                HAL_GPIO_WritePin
 .text.HAL_PCD_Init
                0x0000000008002836      0x1fe ./Drivers/STM32F1xx_HAL_Driver/Src/stm32f1xx_hal_pcd.o
                0x0000000008002836                HAL_PCD_Init
 .text.HAL_PCD_Start
                0x0000000008002a34       0x4c ./Drivers/STM32F1xx_HAL_Driver/Src/stm32f1xx_hal_pcd.o
                0x0000000008002a34                HAL_PCD_Start
 .text.HAL_PCD_IRQHandler
                0x0000000008002a80      0x260 ./Drivers/STM32F1xx_HAL_Driver/Src/stm32f1xx_hal_pcd.o
                0x0000000008002a80                HAL_PCD_IRQHandler
 .text.HAL_PCD_SetAddress
                0x0000000008002ce0       0x4a ./Drivers/STM32F1xx_HAL_Driver/Src/stm32f1xx_hal_pcd.o
                0x0000000008002ce0                HAL_PCD_SetAddress
 .text.HAL_PCD_EP_Open
                0x0000000008002d2a       0xba ./Drivers/STM32F1xx_HAL_Driver/Src/stm32f1xx_hal_pcd.o
                0x0000000008002d2a                HAL_PCD_EP_Open
 .text.HAL_PCD_EP_Close
                0x0000000008002de4       0x90 ./Drivers/STM32F1xx_HAL_Driver/Src/stm32f1xx_hal_pcd.o
                0x0000000008002de4                HAL_PCD_EP_Close
 .text.HAL_PCD_EP_Receive
                0x0000000008002e74       0x62 ./Drivers/STM32F1xx_HAL_Driver/Src/stm32f1xx_hal_pcd.o
                0x0000000008002e74                HAL_PCD_EP_Receive
 .text.HAL_PCD_EP_Transmit
                0x0000000008002ed6       0x6e ./Drivers/STM32F1xx_HAL_Driver/Src/stm32f1xx_hal_pcd.o
                0x0000000008002ed6                HAL_PCD_EP_Transmit
 .text.HAL_PCD_EP_SetStall
                0x0000000008002f44       0xc0 ./Drivers/STM32F1xx_HAL_Driver/Src/stm32f1xx_hal_pcd.o
                0x0000000008002f44                HAL_PCD_EP_SetStall
 .text.HAL_PCD_EP_ClrStall
                0x0000000008003004       0xa8 ./Drivers/STM32F1xx_HAL_Driver/Src/stm32f1xx_hal_pcd.o
                0x0000000008003004                HAL_PCD_EP_ClrStall
 .text.PCD_EP_ISR_Handler
                0x00000000080030ac      0x7a6 ./Drivers/STM32F1xx_HAL_Driver/Src/stm32f1xx_hal_pcd.o
 .text.HAL_PCD_EP_DB_Receive
                0x0000000008003852      0x21a ./Drivers/STM32F1xx_HAL_Driver/Src/stm32f1xx_hal_pcd.o
 .text.HAL_PCD_EP_DB_Transmit
                0x0000000008003a6c      0x7f4 ./Drivers/STM32F1xx_HAL_Driver/Src/stm32f1xx_hal_pcd.o
 .text.HAL_PCDEx_PMAConfig
                0x0000000008004260       0x84 ./Drivers/STM32F1xx_HAL_Driver/Src/stm32f1xx_hal_pcd_ex.o
                0x0000000008004260                HAL_PCDEx_PMAConfig
 .text.HAL_RCC_OscConfig
                0x00000000080042e4      0x504 ./Drivers/STM32F1xx_HAL_Driver/Src/stm32f1xx_hal_rcc.o
                0x00000000080042e4                HAL_RCC_OscConfig
 .text.HAL_RCC_ClockConfig
                0x00000000080047e8      0x1d4 ./Drivers/STM32F1xx_HAL_Driver/Src/stm32f1xx_hal_rcc.o
                0x00000000080047e8                HAL_RCC_ClockConfig
 .text.HAL_RCC_GetSysClockFreq
                0x00000000080049bc       0xa8 ./Drivers/STM32F1xx_HAL_Driver/Src/stm32f1xx_hal_rcc.o
                0x00000000080049bc                HAL_RCC_GetSysClockFreq
 .text.RCC_Delay
                0x0000000008004a64       0x3c ./Drivers/STM32F1xx_HAL_Driver/Src/stm32f1xx_hal_rcc.o
 .text.HAL_RCCEx_PeriphCLKConfig
                0x0000000008004aa0      0x16c ./Drivers/STM32F1xx_HAL_Driver/Src/stm32f1xx_hal_rcc_ex.o
                0x0000000008004aa0                HAL_RCCEx_PeriphCLKConfig
 .text.HAL_TIM_Base_Init
                0x0000000008004c0c       0x9e ./Drivers/STM32F1xx_HAL_Driver/Src/stm32f1xx_hal_tim.o
                0x0000000008004c0c                HAL_TIM_Base_Init
 *fill*         0x0000000008004caa        0x2 
 .text.HAL_TIM_Base_Start_IT
                0x0000000008004cac       0xc0 ./Drivers/STM32F1xx_HAL_Driver/Src/stm32f1xx_hal_tim.o
                0x0000000008004cac                HAL_TIM_Base_Start_IT
 .text.HAL_TIM_PWM_Init
                0x0000000008004d6c       0x9e ./Drivers/STM32F1xx_HAL_Driver/Src/stm32f1xx_hal_tim.o
                0x0000000008004d6c                HAL_TIM_PWM_Init
 .text.HAL_TIM_PWM_MspInit
                0x0000000008004e0a       0x12 ./Drivers/STM32F1xx_HAL_Driver/Src/stm32f1xx_hal_tim.o
                0x0000000008004e0a                HAL_TIM_PWM_MspInit
 .text.HAL_TIM_PWM_Start_DMA
                0x0000000008004e1c      0x374 ./Drivers/STM32F1xx_HAL_Driver/Src/stm32f1xx_hal_tim.o
                0x0000000008004e1c                HAL_TIM_PWM_Start_DMA
 .text.HAL_TIM_IRQHandler
                0x0000000008005190      0x210 ./Drivers/STM32F1xx_HAL_Driver/Src/stm32f1xx_hal_tim.o
                0x0000000008005190                HAL_TIM_IRQHandler
 .text.HAL_TIM_PWM_ConfigChannel
                0x00000000080053a0      0x184 ./Drivers/STM32F1xx_HAL_Driver/Src/stm32f1xx_hal_tim.o
                0x00000000080053a0                HAL_TIM_PWM_ConfigChannel
 .text.HAL_TIM_ConfigClockSource
                0x0000000008005524      0x18e ./Drivers/STM32F1xx_HAL_Driver/Src/stm32f1xx_hal_tim.o
                0x0000000008005524                HAL_TIM_ConfigClockSource
 .text.HAL_TIM_OC_DelayElapsedCallback
                0x00000000080056b2       0x12 ./Drivers/STM32F1xx_HAL_Driver/Src/stm32f1xx_hal_tim.o
                0x00000000080056b2                HAL_TIM_OC_DelayElapsedCallback
 .text.HAL_TIM_IC_CaptureCallback
                0x00000000080056c4       0x12 ./Drivers/STM32F1xx_HAL_Driver/Src/stm32f1xx_hal_tim.o
                0x00000000080056c4                HAL_TIM_IC_CaptureCallback
 .text.HAL_TIM_PWM_PulseFinishedCallback
                0x00000000080056d6       0x12 ./Drivers/STM32F1xx_HAL_Driver/Src/stm32f1xx_hal_tim.o
                0x00000000080056d6                HAL_TIM_PWM_PulseFinishedCallback
 .text.HAL_TIM_PWM_PulseFinishedHalfCpltCallback
                0x00000000080056e8       0x12 ./Drivers/STM32F1xx_HAL_Driver/Src/stm32f1xx_hal_tim.o
                0x00000000080056e8                HAL_TIM_PWM_PulseFinishedHalfCpltCallback
 .text.HAL_TIM_TriggerCallback
                0x00000000080056fa       0x12 ./Drivers/STM32F1xx_HAL_Driver/Src/stm32f1xx_hal_tim.o
                0x00000000080056fa                HAL_TIM_TriggerCallback
 .text.HAL_TIM_ErrorCallback
                0x000000000800570c       0x12 ./Drivers/STM32F1xx_HAL_Driver/Src/stm32f1xx_hal_tim.o
                0x000000000800570c                HAL_TIM_ErrorCallback
 .text.TIM_DMAError
                0x000000000800571e       0x92 ./Drivers/STM32F1xx_HAL_Driver/Src/stm32f1xx_hal_tim.o
                0x000000000800571e                TIM_DMAError
 .text.TIM_DMADelayPulseCplt
                0x00000000080057b0       0xa8 ./Drivers/STM32F1xx_HAL_Driver/Src/stm32f1xx_hal_tim.o
 .text.TIM_DMADelayPulseHalfCplt
                0x0000000008005858       0x68 ./Drivers/STM32F1xx_HAL_Driver/Src/stm32f1xx_hal_tim.o
                0x0000000008005858                TIM_DMADelayPulseHalfCplt
 .text.TIM_Base_SetConfig
                0x00000000080058c0       0xf4 ./Drivers/STM32F1xx_HAL_Driver/Src/stm32f1xx_hal_tim.o
                0x00000000080058c0                TIM_Base_SetConfig
 .text.TIM_OC1_SetConfig
                0x00000000080059b4       0xe0 ./Drivers/STM32F1xx_HAL_Driver/Src/stm32f1xx_hal_tim.o
 .text.TIM_OC2_SetConfig
                0x0000000008005a94       0xe8 ./Drivers/STM32F1xx_HAL_Driver/Src/stm32f1xx_hal_tim.o
                0x0000000008005a94                TIM_OC2_SetConfig
 .text.TIM_OC3_SetConfig
                0x0000000008005b7c       0xe8 ./Drivers/STM32F1xx_HAL_Driver/Src/stm32f1xx_hal_tim.o
 .text.TIM_OC4_SetConfig
                0x0000000008005c64       0xa8 ./Drivers/STM32F1xx_HAL_Driver/Src/stm32f1xx_hal_tim.o
 .text.TIM_TI1_ConfigInputStage
                0x0000000008005d0c       0x5c ./Drivers/STM32F1xx_HAL_Driver/Src/stm32f1xx_hal_tim.o
 .text.TIM_TI2_ConfigInputStage
                0x0000000008005d68       0x5e ./Drivers/STM32F1xx_HAL_Driver/Src/stm32f1xx_hal_tim.o
 .text.TIM_ITRx_SetConfig
                0x0000000008005dc6       0x34 ./Drivers/STM32F1xx_HAL_Driver/Src/stm32f1xx_hal_tim.o
 .text.TIM_ETR_SetConfig
                0x0000000008005dfa       0x3e ./Drivers/STM32F1xx_HAL_Driver/Src/stm32f1xx_hal_tim.o
                0x0000000008005dfa                TIM_ETR_SetConfig
 .text.TIM_CCxChannelCmd
                0x0000000008005e38       0x48 ./Drivers/STM32F1xx_HAL_Driver/Src/stm32f1xx_hal_tim.o
                0x0000000008005e38                TIM_CCxChannelCmd
 .text.HAL_TIMEx_MasterConfigSynchronization
                0x0000000008005e80       0xd8 ./Drivers/STM32F1xx_HAL_Driver/Src/stm32f1xx_hal_tim_ex.o
                0x0000000008005e80                HAL_TIMEx_MasterConfigSynchronization
 .text.HAL_TIMEx_ConfigBreakDeadTime
                0x0000000008005f58       0xa2 ./Drivers/STM32F1xx_HAL_Driver/Src/stm32f1xx_hal_tim_ex.o
                0x0000000008005f58                HAL_TIMEx_ConfigBreakDeadTime
 .text.HAL_TIMEx_CommutCallback
                0x0000000008005ffa       0x12 ./Drivers/STM32F1xx_HAL_Driver/Src/stm32f1xx_hal_tim_ex.o
                0x0000000008005ffa                HAL_TIMEx_CommutCallback
 .text.HAL_TIMEx_BreakCallback
                0x000000000800600c       0x12 ./Drivers/STM32F1xx_HAL_Driver/Src/stm32f1xx_hal_tim_ex.o
                0x000000000800600c                HAL_TIMEx_BreakCallback
 .text.USB_CoreInit
                0x000000000800601e       0x20 ./Drivers/STM32F1xx_HAL_Driver/Src/stm32f1xx_ll_usb.o
                0x000000000800601e                USB_CoreInit
 .text.USB_EnableGlobalInt
                0x000000000800603e       0x2c ./Drivers/STM32F1xx_HAL_Driver/Src/stm32f1xx_ll_usb.o
                0x000000000800603e                USB_EnableGlobalInt
 .text.USB_DisableGlobalInt
                0x000000000800606a       0x34 ./Drivers/STM32F1xx_HAL_Driver/Src/stm32f1xx_ll_usb.o
                0x000000000800606a                USB_DisableGlobalInt
 .text.USB_SetCurrentMode
                0x000000000800609e       0x18 ./Drivers/STM32F1xx_HAL_Driver/Src/stm32f1xx_ll_usb.o
                0x000000000800609e                USB_SetCurrentMode
 .text.USB_DevInit
                0x00000000080060b6       0x40 ./Drivers/STM32F1xx_HAL_Driver/Src/stm32f1xx_ll_usb.o
                0x00000000080060b6                USB_DevInit
 *fill*         0x00000000080060f6        0x2 
 .text.USB_ActivateEndpoint
                0x00000000080060f8      0x780 ./Drivers/STM32F1xx_HAL_Driver/Src/stm32f1xx_ll_usb.o
                0x00000000080060f8                USB_ActivateEndpoint
 .text.USB_DeactivateEndpoint
                0x0000000008006878      0x3d8 ./Drivers/STM32F1xx_HAL_Driver/Src/stm32f1xx_ll_usb.o
                0x0000000008006878                USB_DeactivateEndpoint
 .text.USB_EPStartXfer
                0x0000000008006c50     0x1762 ./Drivers/STM32F1xx_HAL_Driver/Src/stm32f1xx_ll_usb.o
                0x0000000008006c50                USB_EPStartXfer
 .text.USB_EPSetStall
                0x00000000080083b2       0xa0 ./Drivers/STM32F1xx_HAL_Driver/Src/stm32f1xx_ll_usb.o
                0x00000000080083b2                USB_EPSetStall
 .text.USB_EPClearStall
                0x0000000008008452      0x15a ./Drivers/STM32F1xx_HAL_Driver/Src/stm32f1xx_ll_usb.o
                0x0000000008008452                USB_EPClearStall
 .text.USB_SetDevAddress
                0x00000000080085ac       0x26 ./Drivers/STM32F1xx_HAL_Driver/Src/stm32f1xx_ll_usb.o
                0x00000000080085ac                USB_SetDevAddress
 .text.USB_DevConnect
                0x00000000080085d2       0x14 ./Drivers/STM32F1xx_HAL_Driver/Src/stm32f1xx_ll_usb.o
                0x00000000080085d2                USB_DevConnect
 .text.USB_DevDisconnect
                0x00000000080085e6       0x14 ./Drivers/STM32F1xx_HAL_Driver/Src/stm32f1xx_ll_usb.o
                0x00000000080085e6                USB_DevDisconnect
 .text.USB_ReadInterrupts
                0x00000000080085fa       0x1e ./Drivers/STM32F1xx_HAL_Driver/Src/stm32f1xx_ll_usb.o
                0x00000000080085fa                USB_ReadInterrupts
 .text.USB_EP0_OutStart
                0x0000000008008618       0x16 ./Drivers/STM32F1xx_HAL_Driver/Src/stm32f1xx_ll_usb.o
                0x0000000008008618                USB_EP0_OutStart
 .text.USB_WritePMA
                0x000000000800862e       0x8a ./Drivers/STM32F1xx_HAL_Driver/Src/stm32f1xx_ll_usb.o
                0x000000000800862e                USB_WritePMA
 .text.USB_ReadPMA
                0x00000000080086b8       0x9e ./Drivers/STM32F1xx_HAL_Driver/Src/stm32f1xx_ll_usb.o
                0x00000000080086b8                USB_ReadPMA
 .text.USBD_HID_Init
                0x0000000008008756       0x4e ./Middlewares/ST/STM32_USB_Device_Library/Class/HID/Src/usbd_hid.o
 .text.USBD_HID_DeInit
                0x00000000080087a4       0x42 ./Middlewares/ST/STM32_USB_Device_Library/Class/HID/Src/usbd_hid.o
 *fill*         0x00000000080087e6        0x2 
 .text.USBD_HID_Setup
                0x00000000080087e8      0x1fc ./Middlewares/ST/STM32_USB_Device_Library/Class/HID/Src/usbd_hid.o
 .text.USBD_HID_SendReport
                0x00000000080089e4       0x44 ./Middlewares/ST/STM32_USB_Device_Library/Class/HID/Src/usbd_hid.o
                0x00000000080089e4                USBD_HID_SendReport
 .text.USBD_HID_GetFSCfgDesc
                0x0000000008008a28       0x20 ./Middlewares/ST/STM32_USB_Device_Library/Class/HID/Src/usbd_hid.o
 .text.USBD_HID_GetHSCfgDesc
                0x0000000008008a48       0x20 ./Middlewares/ST/STM32_USB_Device_Library/Class/HID/Src/usbd_hid.o
 .text.USBD_HID_GetOtherSpeedCfgDesc
                0x0000000008008a68       0x20 ./Middlewares/ST/STM32_USB_Device_Library/Class/HID/Src/usbd_hid.o
 .text.USBD_HID_DataIn
                0x0000000008008a88       0x22 ./Middlewares/ST/STM32_USB_Device_Library/Class/HID/Src/usbd_hid.o
 *fill*         0x0000000008008aaa        0x2 
 .text.USBD_HID_GetDeviceQualifierDesc
                0x0000000008008aac       0x20 ./Middlewares/ST/STM32_USB_Device_Library/Class/HID/Src/usbd_hid.o
 .text.USBD_Init
                0x0000000008008acc       0x56 ./Middlewares/ST/STM32_USB_Device_Library/Core/Src/usbd_core.o
                0x0000000008008acc                USBD_Init
 .text.USBD_RegisterClass
                0x0000000008008b22       0x32 ./Middlewares/ST/STM32_USB_Device_Library/Core/Src/usbd_core.o
                0x0000000008008b22                USBD_RegisterClass
 .text.USBD_Start
                0x0000000008008b54       0x18 ./Middlewares/ST/STM32_USB_Device_Library/Core/Src/usbd_core.o
                0x0000000008008b54                USBD_Start
 .text.USBD_RunTestMode
                0x0000000008008b6c       0x14 ./Middlewares/ST/STM32_USB_Device_Library/Core/Src/usbd_core.o
                0x0000000008008b6c                USBD_RunTestMode
 .text.USBD_SetClassConfig
                0x0000000008008b80       0x3e ./Middlewares/ST/STM32_USB_Device_Library/Core/Src/usbd_core.o
                0x0000000008008b80                USBD_SetClassConfig
 .text.USBD_ClrClassConfig
                0x0000000008008bbe       0x26 ./Middlewares/ST/STM32_USB_Device_Library/Core/Src/usbd_core.o
                0x0000000008008bbe                USBD_ClrClassConfig
 .text.USBD_LL_SetupStage
                0x0000000008008be4       0x9a ./Middlewares/ST/STM32_USB_Device_Library/Core/Src/usbd_core.o
                0x0000000008008be4                USBD_LL_SetupStage
 .text.USBD_LL_DataOutStage
                0x0000000008008c7e       0xe2 ./Middlewares/ST/STM32_USB_Device_Library/Core/Src/usbd_core.o
                0x0000000008008c7e                USBD_LL_DataOutStage
 .text.USBD_LL_DataInStage
                0x0000000008008d60      0x14a ./Middlewares/ST/STM32_USB_Device_Library/Core/Src/usbd_core.o
                0x0000000008008d60                USBD_LL_DataInStage
 .text.USBD_LL_Reset
                0x0000000008008eaa       0x82 ./Middlewares/ST/STM32_USB_Device_Library/Core/Src/usbd_core.o
                0x0000000008008eaa                USBD_LL_Reset
 .text.USBD_LL_SetSpeed
                0x0000000008008f2c       0x1e ./Middlewares/ST/STM32_USB_Device_Library/Core/Src/usbd_core.o
                0x0000000008008f2c                USBD_LL_SetSpeed
 .text.USBD_LL_Suspend
                0x0000000008008f4a       0x28 ./Middlewares/ST/STM32_USB_Device_Library/Core/Src/usbd_core.o
                0x0000000008008f4a                USBD_LL_Suspend
 .text.USBD_LL_Resume
                0x0000000008008f72       0x2a ./Middlewares/ST/STM32_USB_Device_Library/Core/Src/usbd_core.o
                0x0000000008008f72                USBD_LL_Resume
 .text.USBD_LL_SOF
                0x0000000008008f9c       0x34 ./Middlewares/ST/STM32_USB_Device_Library/Core/Src/usbd_core.o
                0x0000000008008f9c                USBD_LL_SOF
 .text.USBD_StdDevReq
                0x0000000008008fd0       0xd4 ./Middlewares/ST/STM32_USB_Device_Library/Core/Src/usbd_ctlreq.o
                0x0000000008008fd0                USBD_StdDevReq
 .text.USBD_StdItfReq
                0x00000000080090a4       0x90 ./Middlewares/ST/STM32_USB_Device_Library/Core/Src/usbd_ctlreq.o
                0x00000000080090a4                USBD_StdItfReq
 .text.USBD_StdEPReq
                0x0000000008009134      0x2c6 ./Middlewares/ST/STM32_USB_Device_Library/Core/Src/usbd_ctlreq.o
                0x0000000008009134                USBD_StdEPReq
 *fill*         0x00000000080093fa        0x2 
 .text.USBD_GetDescriptor
                0x00000000080093fc      0x2d0 ./Middlewares/ST/STM32_USB_Device_Library/Core/Src/usbd_ctlreq.o
 .text.USBD_SetAddress
                0x00000000080096cc       0x86 ./Middlewares/ST/STM32_USB_Device_Library/Core/Src/usbd_ctlreq.o
 *fill*         0x0000000008009752        0x2 
 .text.USBD_SetConfig
                0x0000000008009754      0x11c ./Middlewares/ST/STM32_USB_Device_Library/Core/Src/usbd_ctlreq.o
 .text.USBD_GetConfig
                0x0000000008009870       0x6a ./Middlewares/ST/STM32_USB_Device_Library/Core/Src/usbd_ctlreq.o
 .text.USBD_GetStatus
                0x00000000080098da       0x66 ./Middlewares/ST/STM32_USB_Device_Library/Core/Src/usbd_ctlreq.o
 .text.USBD_SetFeature
                0x0000000008009940       0x28 ./Middlewares/ST/STM32_USB_Device_Library/Core/Src/usbd_ctlreq.o
 .text.USBD_ClrFeature
                0x0000000008009968       0x42 ./Middlewares/ST/STM32_USB_Device_Library/Core/Src/usbd_ctlreq.o
 .text.USBD_ParseSetupRequest
                0x00000000080099aa       0x78 ./Middlewares/ST/STM32_USB_Device_Library/Core/Src/usbd_ctlreq.o
                0x00000000080099aa                USBD_ParseSetupRequest
 .text.USBD_CtlError
                0x0000000008009a22       0x22 ./Middlewares/ST/STM32_USB_Device_Library/Core/Src/usbd_ctlreq.o
                0x0000000008009a22                USBD_CtlError
 .text.USBD_GetString
                0x0000000008009a44       0x84 ./Middlewares/ST/STM32_USB_Device_Library/Core/Src/usbd_ctlreq.o
                0x0000000008009a44                USBD_GetString
 .text.USBD_GetLen
                0x0000000008009ac8       0x2e ./Middlewares/ST/STM32_USB_Device_Library/Core/Src/usbd_ctlreq.o
 .text.USBD_CtlSendData
                0x0000000008009af6       0x38 ./Middlewares/ST/STM32_USB_Device_Library/Core/Src/usbd_ioreq.o
                0x0000000008009af6                USBD_CtlSendData
 .text.USBD_CtlContinueSendData
                0x0000000008009b2e       0x24 ./Middlewares/ST/STM32_USB_Device_Library/Core/Src/usbd_ioreq.o
                0x0000000008009b2e                USBD_CtlContinueSendData
 .text.USBD_CtlContinueRx
                0x0000000008009b52       0x24 ./Middlewares/ST/STM32_USB_Device_Library/Core/Src/usbd_ioreq.o
                0x0000000008009b52                USBD_CtlContinueRx
 .text.USBD_CtlSendStatus
                0x0000000008009b76       0x26 ./Middlewares/ST/STM32_USB_Device_Library/Core/Src/usbd_ioreq.o
                0x0000000008009b76                USBD_CtlSendStatus
 .text.USBD_CtlReceiveStatus
                0x0000000008009b9c       0x26 ./Middlewares/ST/STM32_USB_Device_Library/Core/Src/usbd_ioreq.o
                0x0000000008009b9c                USBD_CtlReceiveStatus
 *fill*         0x0000000008009bc2        0x2 
 .text.MX_USB_DEVICE_Init
                0x0000000008009bc4       0x4c ./USB_DEVICE/App/usb_device.o
                0x0000000008009bc4                MX_USB_DEVICE_Init
 .text.USBD_FS_DeviceDescriptor
                0x0000000008009c10       0x24 ./USB_DEVICE/App/usbd_desc.o
                0x0000000008009c10                USBD_FS_DeviceDescriptor
 .text.USBD_FS_LangIDStrDescriptor
                0x0000000008009c34       0x24 ./USB_DEVICE/App/usbd_desc.o
                0x0000000008009c34                USBD_FS_LangIDStrDescriptor
 .text.USBD_FS_ProductStrDescriptor
                0x0000000008009c58       0x3c ./USB_DEVICE/App/usbd_desc.o
                0x0000000008009c58                USBD_FS_ProductStrDescriptor
 .text.USBD_FS_ManufacturerStrDescriptor
                0x0000000008009c94       0x28 ./USB_DEVICE/App/usbd_desc.o
                0x0000000008009c94                USBD_FS_ManufacturerStrDescriptor
 .text.USBD_FS_SerialStrDescriptor
                0x0000000008009cbc       0x24 ./USB_DEVICE/App/usbd_desc.o
                0x0000000008009cbc                USBD_FS_SerialStrDescriptor
 .text.USBD_FS_ConfigStrDescriptor
                0x0000000008009ce0       0x3c ./USB_DEVICE/App/usbd_desc.o
                0x0000000008009ce0                USBD_FS_ConfigStrDescriptor
 .text.USBD_FS_InterfaceStrDescriptor
                0x0000000008009d1c       0x3c ./USB_DEVICE/App/usbd_desc.o
                0x0000000008009d1c                USBD_FS_InterfaceStrDescriptor
 .text.Get_SerialNum
                0x0000000008009d58       0x58 ./USB_DEVICE/App/usbd_desc.o
 .text.IntToUnicode
                0x0000000008009db0       0x7c ./USB_DEVICE/App/usbd_desc.o
 .text.HAL_PCD_MspInit
                0x0000000008009e2c       0x4c ./USB_DEVICE/Target/usbd_conf.o
                0x0000000008009e2c                HAL_PCD_MspInit
 .text.HAL_PCD_SetupStageCallback
                0x0000000008009e78       0x24 ./USB_DEVICE/Target/usbd_conf.o
                0x0000000008009e78                HAL_PCD_SetupStageCallback
 .text.HAL_PCD_DataOutStageCallback
                0x0000000008009e9c       0x36 ./USB_DEVICE/Target/usbd_conf.o
                0x0000000008009e9c                HAL_PCD_DataOutStageCallback
 .text.HAL_PCD_DataInStageCallback
                0x0000000008009ed2       0x34 ./USB_DEVICE/Target/usbd_conf.o
                0x0000000008009ed2                HAL_PCD_DataInStageCallback
 .text.HAL_PCD_SOFCallback
                0x0000000008009f06       0x1c ./USB_DEVICE/Target/usbd_conf.o
                0x0000000008009f06                HAL_PCD_SOFCallback
 .text.HAL_PCD_ResetCallback
                0x0000000008009f22       0x3c ./USB_DEVICE/Target/usbd_conf.o
                0x0000000008009f22                HAL_PCD_ResetCallback
 *fill*         0x0000000008009f5e        0x2 
 .text.HAL_PCD_SuspendCallback
                0x0000000008009f60       0x34 ./USB_DEVICE/Target/usbd_conf.o
                0x0000000008009f60                HAL_PCD_SuspendCallback
 .text.HAL_PCD_ResumeCallback
                0x0000000008009f94       0x1c ./USB_DEVICE/Target/usbd_conf.o
                0x0000000008009f94                HAL_PCD_ResumeCallback
 .text.USBD_LL_Init
                0x0000000008009fb0       0x90 ./USB_DEVICE/Target/usbd_conf.o
                0x0000000008009fb0                USBD_LL_Init
 .text.USBD_LL_Start
                0x000000000800a040       0x36 ./USB_DEVICE/Target/usbd_conf.o
                0x000000000800a040                USBD_LL_Start
 .text.USBD_LL_OpenEP
                0x000000000800a076       0x4c ./USB_DEVICE/Target/usbd_conf.o
                0x000000000800a076                USBD_LL_OpenEP
 .text.USBD_LL_CloseEP
                0x000000000800a0c2       0x3e ./USB_DEVICE/Target/usbd_conf.o
                0x000000000800a0c2                USBD_LL_CloseEP
 .text.USBD_LL_StallEP
                0x000000000800a100       0x3e ./USB_DEVICE/Target/usbd_conf.o
                0x000000000800a100                USBD_LL_StallEP
 .text.USBD_LL_ClearStallEP
                0x000000000800a13e       0x3e ./USB_DEVICE/Target/usbd_conf.o
                0x000000000800a13e                USBD_LL_ClearStallEP
 .text.USBD_LL_IsStallEP
                0x000000000800a17c       0x58 ./USB_DEVICE/Target/usbd_conf.o
                0x000000000800a17c                USBD_LL_IsStallEP
 .text.USBD_LL_SetUSBAddress
                0x000000000800a1d4       0x3e ./USB_DEVICE/Target/usbd_conf.o
                0x000000000800a1d4                USBD_LL_SetUSBAddress
 .text.USBD_LL_Transmit
                0x000000000800a212       0x46 ./USB_DEVICE/Target/usbd_conf.o
                0x000000000800a212                USBD_LL_Transmit
 .text.USBD_LL_PrepareReceive
                0x000000000800a258       0x46 ./USB_DEVICE/Target/usbd_conf.o
                0x000000000800a258                USBD_LL_PrepareReceive
 *fill*         0x000000000800a29e        0x2 
 .text.USBD_static_malloc
                0x000000000800a2a0       0x18 ./USB_DEVICE/Target/usbd_conf.o
                0x000000000800a2a0                USBD_static_malloc
 .text.USBD_static_free
                0x000000000800a2b8       0x12 ./USB_DEVICE/Target/usbd_conf.o
                0x000000000800a2b8                USBD_static_free
 .text.HAL_PCDEx_SetConnectionState
                0x000000000800a2ca       0x16 ./USB_DEVICE/Target/usbd_conf.o
                0x000000000800a2ca                HAL_PCDEx_SetConnectionState
 .text.USBD_Get_USB_Status
                0x000000000800a2e0       0x58 ./USB_DEVICE/Target/usbd_conf.o
 .text.__libc_init_array
                0x000000000800a338       0x48 c:/st/stm32cubeide_1.12.1/stm32cubeide/plugins/com.st.stm32cube.ide.mcu.externaltools.gnu-tools-for-stm32.10.3-2021.10.win32_1.0.200.202301161003/tools/bin/../lib/gcc/arm-none-eabi/10.3.1/../../../../arm-none-eabi/lib/thumb/v7-m/nofp\libc_nano.a(lib_a-init.o)
                0x000000000800a338                __libc_init_array
 .text.memset   0x000000000800a380       0x10 c:/st/stm32cubeide_1.12.1/stm32cubeide/plugins/com.st.stm32cube.ide.mcu.externaltools.gnu-tools-for-stm32.10.3-2021.10.win32_1.0.200.202301161003/tools/bin/../lib/gcc/arm-none-eabi/10.3.1/../../../../arm-none-eabi/lib/thumb/v7-m/nofp\libc_nano.a(lib_a-memset.o)
                0x000000000800a380                memset
 *(.glue_7)
 .glue_7        0x000000000800a390        0x0 linker stubs
 *(.glue_7t)
 .glue_7t       0x000000000800a390        0x0 linker stubs
 *(.eh_frame)
 .eh_frame      0x000000000800a390        0x0 c:/st/stm32cubeide_1.12.1/stm32cubeide/plugins/com.st.stm32cube.ide.mcu.externaltools.gnu-tools-for-stm32.10.3-2021.10.win32_1.0.200.202301161003/tools/bin/../lib/gcc/arm-none-eabi/10.3.1/thumb/v7-m/nofp/crtbegin.o
 *(.init)
 .init          0x000000000800a390        0x4 c:/st/stm32cubeide_1.12.1/stm32cubeide/plugins/com.st.stm32cube.ide.mcu.externaltools.gnu-tools-for-stm32.10.3-2021.10.win32_1.0.200.202301161003/tools/bin/../lib/gcc/arm-none-eabi/10.3.1/thumb/v7-m/nofp/crti.o
                0x000000000800a390                _init
 .init          0x000000000800a394        0x8 c:/st/stm32cubeide_1.12.1/stm32cubeide/plugins/com.st.stm32cube.ide.mcu.externaltools.gnu-tools-for-stm32.10.3-2021.10.win32_1.0.200.202301161003/tools/bin/../lib/gcc/arm-none-eabi/10.3.1/thumb/v7-m/nofp/crtn.o
 *(.fini)
 .fini          0x000000000800a39c        0x4 c:/st/stm32cubeide_1.12.1/stm32cubeide/plugins/com.st.stm32cube.ide.mcu.externaltools.gnu-tools-for-stm32.10.3-2021.10.win32_1.0.200.202301161003/tools/bin/../lib/gcc/arm-none-eabi/10.3.1/thumb/v7-m/nofp/crti.o
                0x000000000800a39c                _fini
 .fini          0x000000000800a3a0        0x8 c:/st/stm32cubeide_1.12.1/stm32cubeide/plugins/com.st.stm32cube.ide.mcu.externaltools.gnu-tools-for-stm32.10.3-2021.10.win32_1.0.200.202301161003/tools/bin/../lib/gcc/arm-none-eabi/10.3.1/thumb/v7-m/nofp/crtn.o
                0x000000000800a3a8                . = ALIGN (0x4)
                0x000000000800a3a8                _etext = .

.vfp11_veneer   0x000000000800a3a8        0x0
 .vfp11_veneer  0x000000000800a3a8        0x0 linker stubs

.v4_bx          0x000000000800a3a8        0x0
 .v4_bx         0x000000000800a3a8        0x0 linker stubs

.iplt           0x000000000800a3a8        0x0
 .iplt          0x000000000800a3a8        0x0 c:/st/stm32cubeide_1.12.1/stm32cubeide/plugins/com.st.stm32cube.ide.mcu.externaltools.gnu-tools-for-stm32.10.3-2021.10.win32_1.0.200.202301161003/tools/bin/../lib/gcc/arm-none-eabi/10.3.1/thumb/v7-m/nofp/crtbegin.o

.rodata         0x000000000800a3a8      0x6e0
                0x000000000800a3a8                . = ALIGN (0x4)
 *(.rodata)
 .rodata        0x000000000800a3a8       0x46 ./USB_DEVICE/App/usbd_desc.o
 *(.rodata*)
 *fill*         0x000000000800a3ee        0x2 
 .rodata.MyKeysCode_Code
                0x000000000800a3f0       0x84 ./Core/Src/main.o
                0x000000000800a3f0                MyKeysCode_Code
 .rodata.ascii_1608
                0x000000000800a474      0x5f0 ./Core/Src/my_tft.o
                0x000000000800a474                ascii_1608
 .rodata.AHBPrescTable
                0x000000000800aa64       0x10 ./Core/Src/system_stm32f1xx.o
                0x000000000800aa64                AHBPrescTable
 .rodata.aPLLMULFactorTable.1
                0x000000000800aa74       0x10 ./Drivers/STM32F1xx_HAL_Driver/Src/stm32f1xx_hal_rcc.o
 .rodata.aPredivFactorTable.0
                0x000000000800aa84        0x2 ./Drivers/STM32F1xx_HAL_Driver/Src/stm32f1xx_hal_rcc.o
                0x000000000800aa88                . = ALIGN (0x4)
 *fill*         0x000000000800aa86        0x2 

.rel.dyn        0x000000000800aa88        0x0
 .rel.iplt      0x000000000800aa88        0x0 c:/st/stm32cubeide_1.12.1/stm32cubeide/plugins/com.st.stm32cube.ide.mcu.externaltools.gnu-tools-for-stm32.10.3-2021.10.win32_1.0.200.202301161003/tools/bin/../lib/gcc/arm-none-eabi/10.3.1/thumb/v7-m/nofp/crtbegin.o

.ARM.extab      0x000000000800aa88        0x0
                0x000000000800aa88                . = ALIGN (0x4)
 *(.ARM.extab* .gnu.linkonce.armextab.*)
                0x000000000800aa88                . = ALIGN (0x4)

.ARM            0x000000000800aa88        0x0
                0x000000000800aa88                . = ALIGN (0x4)
                0x000000000800aa88                __exidx_start = .
 *(.ARM.exidx*)
                0x000000000800aa88                __exidx_end = .
                0x000000000800aa88                . = ALIGN (0x4)

.preinit_array  0x000000000800aa88        0x0
                0x000000000800aa88                . = ALIGN (0x4)
                0x000000000800aa88                PROVIDE (__preinit_array_start = .)
 *(.preinit_array*)
                0x000000000800aa88                PROVIDE (__preinit_array_end = .)
                0x000000000800aa88                . = ALIGN (0x4)

.init_array     0x000000000800aa88        0x4
                0x000000000800aa88                . = ALIGN (0x4)
                0x000000000800aa88                PROVIDE (__init_array_start = .)
 *(SORT_BY_NAME(.init_array.*))
 *(.init_array*)
 .init_array    0x000000000800aa88        0x4 c:/st/stm32cubeide_1.12.1/stm32cubeide/plugins/com.st.stm32cube.ide.mcu.externaltools.gnu-tools-for-stm32.10.3-2021.10.win32_1.0.200.202301161003/tools/bin/../lib/gcc/arm-none-eabi/10.3.1/thumb/v7-m/nofp/crtbegin.o
                0x000000000800aa8c                PROVIDE (__init_array_end = .)
                0x000000000800aa8c                . = ALIGN (0x4)

.fini_array     0x000000000800aa8c        0x4
                0x000000000800aa8c                . = ALIGN (0x4)
                [!provide]                        PROVIDE (__fini_array_start = .)
 *(SORT_BY_NAME(.fini_array.*))
 *(.fini_array*)
 .fini_array    0x000000000800aa8c        0x4 c:/st/stm32cubeide_1.12.1/stm32cubeide/plugins/com.st.stm32cube.ide.mcu.externaltools.gnu-tools-for-stm32.10.3-2021.10.win32_1.0.200.202301161003/tools/bin/../lib/gcc/arm-none-eabi/10.3.1/thumb/v7-m/nofp/crtbegin.o
                [!provide]                        PROVIDE (__fini_array_end = .)
                0x000000000800aa90                . = ALIGN (0x4)
                0x000000000800aa90                _sidata = LOADADDR (.data)

.data           0x0000000020000000      0x218 load address 0x000000000800aa90
                0x0000000020000000                . = ALIGN (0x4)
                0x0000000020000000                _sdata = .
 *(.data)
 *(.data*)
 .data.MyKeyColType
                0x0000000020000000       0x2c ./Core/Src/main.o
                0x0000000020000000                MyKeyColType
 .data.MyKeyColPin
                0x000000002000002c       0x16 ./Core/Src/main.o
                0x000000002000002c                MyKeyColPin
 *fill*         0x0000000020000042        0x2 
 .data.MyKeyRowType
                0x0000000020000044       0x30 ./Core/Src/main.o
                0x0000000020000044                MyKeyRowType
 .data.MyKeyRowPin
                0x0000000020000074       0x18 ./Core/Src/main.o
                0x0000000020000074                MyKeyRowPin
 .data.TFTColor
                0x000000002000008c        0x2 ./Core/Src/main.o
                0x000000002000008c                TFTColor
 *fill*         0x000000002000008e        0x2 
 .data.mytft_nowx
                0x0000000020000090        0x4 ./Core/Src/my_tft.o
                0x0000000020000090                mytft_nowx
 .data.mytft_nowy
                0x0000000020000094        0x4 ./Core/Src/my_tft.o
                0x0000000020000094                mytft_nowy
 .data.syncNowBit
                0x0000000020000098        0x1 ./Core/Src/my_tft.o
                0x0000000020000098                syncNowBit
 *fill*         0x0000000020000099        0x3 
 .data.SystemCoreClock
                0x000000002000009c        0x4 ./Core/Src/system_stm32f1xx.o
                0x000000002000009c                SystemCoreClock
 .data.uwTickPrio
                0x00000000200000a0        0x4 ./Drivers/STM32F1xx_HAL_Driver/Src/stm32f1xx_hal.o
                0x00000000200000a0                uwTickPrio
 .data.uwTickFreq
                0x00000000200000a4        0x1 ./Drivers/STM32F1xx_HAL_Driver/Src/stm32f1xx_hal.o
                0x00000000200000a4                uwTickFreq
 *fill*         0x00000000200000a5        0x3 
 .data.USBD_HID
                0x00000000200000a8       0x38 ./Middlewares/ST/STM32_USB_Device_Library/Class/HID/Src/usbd_hid.o
                0x00000000200000a8                USBD_HID
 .data.USBD_HID_CfgFSDesc
                0x00000000200000e0       0x29 ./Middlewares/ST/STM32_USB_Device_Library/Class/HID/Src/usbd_hid.o
 *fill*         0x0000000020000109        0x3 
 .data.USBD_HID_CfgHSDesc
                0x000000002000010c       0x29 ./Middlewares/ST/STM32_USB_Device_Library/Class/HID/Src/usbd_hid.o
 *fill*         0x0000000020000135        0x3 
 .data.USBD_HID_OtherSpeedCfgDesc
                0x0000000020000138       0x29 ./Middlewares/ST/STM32_USB_Device_Library/Class/HID/Src/usbd_hid.o
 *fill*         0x0000000020000161        0x3 
 .data.USBD_HID_Desc
                0x0000000020000164        0x9 ./Middlewares/ST/STM32_USB_Device_Library/Class/HID/Src/usbd_hid.o
 *fill*         0x000000002000016d        0x3 
 .data.USBD_HID_DeviceQualifierDesc
                0x0000000020000170        0xa ./Middlewares/ST/STM32_USB_Device_Library/Class/HID/Src/usbd_hid.o
 *fill*         0x000000002000017a        0x2 
 .data.HID_KEYBOARD_ReportDesc
                0x000000002000017c       0x49 ./Middlewares/ST/STM32_USB_Device_Library/Class/HID/Src/usbd_hid.o
 *fill*         0x00000000200001c5        0x3 
 .data.FS_Desc  0x00000000200001c8       0x1c ./USB_DEVICE/App/usbd_desc.o
                0x00000000200001c8                FS_Desc
 .data.USBD_FS_DeviceDesc
                0x00000000200001e4       0x12 ./USB_DEVICE/App/usbd_desc.o
                0x00000000200001e4                USBD_FS_DeviceDesc
 *fill*         0x00000000200001f6        0x2 
 .data.USBD_LangIDDesc
                0x00000000200001f8        0x4 ./USB_DEVICE/App/usbd_desc.o
                0x00000000200001f8                USBD_LangIDDesc
 .data.USBD_StringSerial
                0x00000000200001fc       0x1a ./USB_DEVICE/App/usbd_desc.o
                0x00000000200001fc                USBD_StringSerial
 *(.RamFunc)
 *(.RamFunc*)
                0x0000000020000218                . = ALIGN (0x4)
 *fill*         0x0000000020000216        0x2 
                0x0000000020000218                _edata = .

.igot.plt       0x0000000020000218        0x0 load address 0x000000000800aca8
 .igot.plt      0x0000000020000218        0x0 c:/st/stm32cubeide_1.12.1/stm32cubeide/plugins/com.st.stm32cube.ide.mcu.externaltools.gnu-tools-for-stm32.10.3-2021.10.win32_1.0.200.202301161003/tools/bin/../lib/gcc/arm-none-eabi/10.3.1/thumb/v7-m/nofp/crtbegin.o
                0x0000000020000218                . = ALIGN (0x4)

.bss            0x0000000020000218     0xb74c load address 0x000000000800aca8
                0x0000000020000218                _sbss = .
                0x0000000020000218                __bss_start__ = _sbss
 *(.bss)
 .bss           0x0000000020000218       0x1c c:/st/stm32cubeide_1.12.1/stm32cubeide/plugins/com.st.stm32cube.ide.mcu.externaltools.gnu-tools-for-stm32.10.3-2021.10.win32_1.0.200.202301161003/tools/bin/../lib/gcc/arm-none-eabi/10.3.1/thumb/v7-m/nofp/crtbegin.o
 *(.bss*)
 .bss.htim1     0x0000000020000234       0x48 ./Core/Src/main.o
                0x0000000020000234                htim1
 .bss.htim2     0x000000002000027c       0x48 ./Core/Src/main.o
                0x000000002000027c                htim2
 .bss.htim3     0x00000000200002c4       0x48 ./Core/Src/main.o
                0x00000000200002c4                htim3
 .bss.hdma_tim1_ch2
                0x000000002000030c       0x44 ./Core/Src/main.o
                0x000000002000030c                hdma_tim1_ch2
 .bss.MyKeysCount
                0x0000000020000350      0x210 ./Core/Src/main.o
                0x0000000020000350                MyKeysCount
 .bss.MyKeysLastState
                0x0000000020000560       0x84 ./Core/Src/main.o
                0x0000000020000560                MyKeysLastState
 .bss.MyKeysNowState
                0x00000000200005e4       0x84 ./Core/Src/main.o
                0x00000000200005e4                MyKeysNowState
 .bss.keyBoardData
                0x0000000020000668       0x12 ./Core/Src/main.o
                0x0000000020000668                keyBoardData
 *fill*         0x000000002000067a        0x2 
 .bss.counter_01
                0x000000002000067c        0x4 ./Core/Src/main.o
                0x000000002000067c                counter_01
 .bss.myNowCol  0x0000000020000680        0x4 ./Core/Src/main.o
                0x0000000020000680                myNowCol
 .bss.nowCode.5
                0x0000000020000684        0x1 ./Core/Src/main.o
 .bss.state.4   0x0000000020000685        0x1 ./Core/Src/main.o
 .bss.RCode.3   0x0000000020000686        0x1 ./Core/Src/main.o
 .bss.GCode.2   0x0000000020000687        0x1 ./Core/Src/main.o
 .bss.BCode.1   0x0000000020000688        0x1 ./Core/Src/main.o
 *fill*         0x0000000020000689        0x3 
 .bss.lastkeycode.0
                0x000000002000068c        0x4 ./Core/Src/main.o
 .bss.LED_Buf   0x0000000020000690     0x2828 ./Core/Src/my_RGB.o
                0x0000000020000690                LED_Buf
 .bss.Color_Buf
                0x0000000020002eb8      0x1a0 ./Core/Src/my_RGB.o
                0x0000000020002eb8                Color_Buf
 .bss.GPIOx_SCL_nowUsing
                0x0000000020003058        0x4 ./Core/Src/my_tft.o
                0x0000000020003058                GPIOx_SCL_nowUsing
 .bss.GPIO_Pin_SCL_nowUsing
                0x000000002000305c        0x2 ./Core/Src/my_tft.o
                0x000000002000305c                GPIO_Pin_SCL_nowUsing
 *fill*         0x000000002000305e        0x2 
 .bss.GPIOx_SDA_nowUsing
                0x0000000020003060        0x4 ./Core/Src/my_tft.o
                0x0000000020003060                GPIOx_SDA_nowUsing
 .bss.GPIO_Pin_SDA_nowUsing
                0x0000000020003064        0x2 ./Core/Src/my_tft.o
                0x0000000020003064                GPIO_Pin_SDA_nowUsing
 *fill*         0x0000000020003066        0x2 
 .bss.GPIOx_RST_nowUsing
                0x0000000020003068        0x4 ./Core/Src/my_tft.o
                0x0000000020003068                GPIOx_RST_nowUsing
 .bss.GPIO_Pin_RST_nowUsing
                0x000000002000306c        0x2 ./Core/Src/my_tft.o
                0x000000002000306c                GPIO_Pin_RST_nowUsing
 *fill*         0x000000002000306e        0x2 
 .bss.GPIOx_DC_nowUsing
                0x0000000020003070        0x4 ./Core/Src/my_tft.o
                0x0000000020003070                GPIOx_DC_nowUsing
 .bss.GPIO_Pin_DC_nowUsing
                0x0000000020003074        0x2 ./Core/Src/my_tft.o
                0x0000000020003074                GPIO_Pin_DC_nowUsing
 *fill*         0x0000000020003076        0x2 
 .bss.GPIOx_CS_nowUsing
                0x0000000020003078        0x4 ./Core/Src/my_tft.o
                0x0000000020003078                GPIOx_CS_nowUsing
 .bss.GPIO_Pin_CS_nowUsing
                0x000000002000307c        0x2 ./Core/Src/my_tft.o
                0x000000002000307c                GPIO_Pin_CS_nowUsing
 *fill*         0x000000002000307e        0x2 
 .bss.GPIOx_BLK_nowUsing
                0x0000000020003080        0x4 ./Core/Src/my_tft.o
                0x0000000020003080                GPIOx_BLK_nowUsing
 .bss.GPIO_Pin_BLK_nowUsing
                0x0000000020003084        0x2 ./Core/Src/my_tft.o
                0x0000000020003084                GPIO_Pin_BLK_nowUsing
 *fill*         0x0000000020003086        0x2 
 .bss.syncDataBuffer
                0x0000000020003088     0x4000 ./Core/Src/my_tft.o
                0x0000000020003088                syncDataBuffer
 .bss.syncDataTypeBuffer
                0x0000000020007088     0x4000 ./Core/Src/my_tft.o
                0x0000000020007088                syncDataTypeBuffer
 .bss.syncPerBitNowState
                0x000000002000b088        0x1 ./Core/Src/my_tft.o
                0x000000002000b088                syncPerBitNowState
 *fill*         0x000000002000b089        0x3 
 .bss.syncNowIndex
                0x000000002000b08c        0x4 ./Core/Src/my_tft.o
                0x000000002000b08c                syncNowIndex
 .bss.syncTotalLast
                0x000000002000b090        0x4 ./Core/Src/my_tft.o
                0x000000002000b090                syncTotalLast
 .bss.datas     0x000000002000b094      0x100 ./Core/Src/my_tft.o
                0x000000002000b094                datas
 .bss.uwTick    0x000000002000b194        0x4 ./Drivers/STM32F1xx_HAL_Driver/Src/stm32f1xx_hal.o
                0x000000002000b194                uwTick
 .bss.cfgidx.0  0x000000002000b198        0x1 ./Middlewares/ST/STM32_USB_Device_Library/Core/Src/usbd_ctlreq.o
 *fill*         0x000000002000b199        0x3 
 .bss.hUsbDeviceFS
                0x000000002000b19c      0x2c4 ./USB_DEVICE/App/usb_device.o
                0x000000002000b19c                hUsbDeviceFS
 .bss.USBD_StrDesc
                0x000000002000b460      0x200 ./USB_DEVICE/App/usbd_desc.o
                0x000000002000b460                USBD_StrDesc
 .bss.hpcd_USB_FS
                0x000000002000b660      0x2f0 ./USB_DEVICE/Target/usbd_conf.o
                0x000000002000b660                hpcd_USB_FS
 .bss.mem.0     0x000000002000b950       0x14 ./USB_DEVICE/Target/usbd_conf.o
 *(COMMON)
                0x000000002000b964                . = ALIGN (0x4)
                0x000000002000b964                _ebss = .
                0x000000002000b964                __bss_end__ = _ebss

._user_heap_stack
                0x000000002000b964      0x604 load address 0x000000000800aca8
                0x000000002000b968                . = ALIGN (0x8)
 *fill*         0x000000002000b964        0x4 
                [!provide]                        PROVIDE (end = .)
                0x000000002000b968                PROVIDE (_end = .)
                0x000000002000bb68                . = (. + _Min_Heap_Size)
 *fill*         0x000000002000b968      0x200 
                0x000000002000bf68                . = (. + _Min_Stack_Size)
 *fill*         0x000000002000bb68      0x400 
                0x000000002000bf68                . = ALIGN (0x8)

/DISCARD/
 libc.a(*)
 libm.a(*)
 libgcc.a(*)

.ARM.attributes
                0x0000000000000000       0x29
 *(.ARM.attributes)
 .ARM.attributes
                0x0000000000000000       0x1d c:/st/stm32cubeide_1.12.1/stm32cubeide/plugins/com.st.stm32cube.ide.mcu.externaltools.gnu-tools-for-stm32.10.3-2021.10.win32_1.0.200.202301161003/tools/bin/../lib/gcc/arm-none-eabi/10.3.1/thumb/v7-m/nofp/crti.o
 .ARM.attributes
                0x000000000000001d       0x2d c:/st/stm32cubeide_1.12.1/stm32cubeide/plugins/com.st.stm32cube.ide.mcu.externaltools.gnu-tools-for-stm32.10.3-2021.10.win32_1.0.200.202301161003/tools/bin/../lib/gcc/arm-none-eabi/10.3.1/thumb/v7-m/nofp/crtbegin.o
 .ARM.attributes
                0x000000000000004a       0x2d ./Core/Src/main.o
 .ARM.attributes
                0x0000000000000077       0x2d ./Core/Src/my_RGB.o
 .ARM.attributes
                0x00000000000000a4       0x2d ./Core/Src/my_tft.o
 .ARM.attributes
                0x00000000000000d1       0x2d ./Core/Src/stm32f1xx_hal_msp.o
 .ARM.attributes
                0x00000000000000fe       0x2d ./Core/Src/stm32f1xx_it.o
 .ARM.attributes
                0x000000000000012b       0x2d ./Core/Src/system_stm32f1xx.o
 .ARM.attributes
                0x0000000000000158       0x21 ./Core/Startup/startup_stm32f103rctx.o
 .ARM.attributes
                0x0000000000000179       0x2d ./Drivers/STM32F1xx_HAL_Driver/Src/stm32f1xx_hal.o
 .ARM.attributes
                0x00000000000001a6       0x2d ./Drivers/STM32F1xx_HAL_Driver/Src/stm32f1xx_hal_cortex.o
 .ARM.attributes
                0x00000000000001d3       0x2d ./Drivers/STM32F1xx_HAL_Driver/Src/stm32f1xx_hal_dma.o
 .ARM.attributes
                0x0000000000000200       0x2d ./Drivers/STM32F1xx_HAL_Driver/Src/stm32f1xx_hal_gpio.o
 .ARM.attributes
                0x000000000000022d       0x2d ./Drivers/STM32F1xx_HAL_Driver/Src/stm32f1xx_hal_pcd.o
 .ARM.attributes
                0x000000000000025a       0x2d ./Drivers/STM32F1xx_HAL_Driver/Src/stm32f1xx_hal_pcd_ex.o
 .ARM.attributes
                0x0000000000000287       0x2d ./Drivers/STM32F1xx_HAL_Driver/Src/stm32f1xx_hal_rcc.o
 .ARM.attributes
                0x00000000000002b4       0x2d ./Drivers/STM32F1xx_HAL_Driver/Src/stm32f1xx_hal_rcc_ex.o
 .ARM.attributes
                0x00000000000002e1       0x2d ./Drivers/STM32F1xx_HAL_Driver/Src/stm32f1xx_hal_tim.o
 .ARM.attributes
                0x000000000000030e       0x2d ./Drivers/STM32F1xx_HAL_Driver/Src/stm32f1xx_hal_tim_ex.o
 .ARM.attributes
                0x000000000000033b       0x2d ./Drivers/STM32F1xx_HAL_Driver/Src/stm32f1xx_ll_usb.o
 .ARM.attributes
                0x0000000000000368       0x2d ./Middlewares/ST/STM32_USB_Device_Library/Class/HID/Src/usbd_hid.o
 .ARM.attributes
                0x0000000000000395       0x2d ./Middlewares/ST/STM32_USB_Device_Library/Core/Src/usbd_core.o
 .ARM.attributes
                0x00000000000003c2       0x2d ./Middlewares/ST/STM32_USB_Device_Library/Core/Src/usbd_ctlreq.o
 .ARM.attributes
                0x00000000000003ef       0x2d ./Middlewares/ST/STM32_USB_Device_Library/Core/Src/usbd_ioreq.o
 .ARM.attributes
                0x000000000000041c       0x2d ./USB_DEVICE/App/usb_device.o
 .ARM.attributes
                0x0000000000000449       0x2d ./USB_DEVICE/App/usbd_desc.o
 .ARM.attributes
                0x0000000000000476       0x2d ./USB_DEVICE/Target/usbd_conf.o
 .ARM.attributes
                0x00000000000004a3       0x2d c:/st/stm32cubeide_1.12.1/stm32cubeide/plugins/com.st.stm32cube.ide.mcu.externaltools.gnu-tools-for-stm32.10.3-2021.10.win32_1.0.200.202301161003/tools/bin/../lib/gcc/arm-none-eabi/10.3.1/../../../../arm-none-eabi/lib/thumb/v7-m/nofp\libc_nano.a(lib_a-init.o)
 .ARM.attributes
                0x00000000000004d0       0x2d c:/st/stm32cubeide_1.12.1/stm32cubeide/plugins/com.st.stm32cube.ide.mcu.externaltools.gnu-tools-for-stm32.10.3-2021.10.win32_1.0.200.202301161003/tools/bin/../lib/gcc/arm-none-eabi/10.3.1/../../../../arm-none-eabi/lib/thumb/v7-m/nofp\libc_nano.a(lib_a-memset.o)
 .ARM.attributes
                0x00000000000004fd       0x1d c:/st/stm32cubeide_1.12.1/stm32cubeide/plugins/com.st.stm32cube.ide.mcu.externaltools.gnu-tools-for-stm32.10.3-2021.10.win32_1.0.200.202301161003/tools/bin/../lib/gcc/arm-none-eabi/10.3.1/thumb/v7-m/nofp/crtn.o
OUTPUT(Hello.elf elf32-littlearm)
LOAD linker stubs
LOAD c:/st/stm32cubeide_1.12.1/stm32cubeide/plugins/com.st.stm32cube.ide.mcu.externaltools.gnu-tools-for-stm32.10.3-2021.10.win32_1.0.200.202301161003/tools/bin/../lib/gcc/arm-none-eabi/10.3.1/../../../../arm-none-eabi/lib/thumb/v7-m/nofp\libc.a
LOAD c:/st/stm32cubeide_1.12.1/stm32cubeide/plugins/com.st.stm32cube.ide.mcu.externaltools.gnu-tools-for-stm32.10.3-2021.10.win32_1.0.200.202301161003/tools/bin/../lib/gcc/arm-none-eabi/10.3.1/../../../../arm-none-eabi/lib/thumb/v7-m/nofp\libm.a
LOAD c:/st/stm32cubeide_1.12.1/stm32cubeide/plugins/com.st.stm32cube.ide.mcu.externaltools.gnu-tools-for-stm32.10.3-2021.10.win32_1.0.200.202301161003/tools/bin/../lib/gcc/arm-none-eabi/10.3.1/thumb/v7-m/nofp\libgcc.a

.debug_info     0x0000000000000000    0x131c1
 .debug_info    0x0000000000000000     0x18fd ./Core/Src/main.o
 .debug_info    0x00000000000018fd      0x87b ./Core/Src/my_RGB.o
 .debug_info    0x0000000000002178      0x64c ./Core/Src/my_tft.o
 .debug_info    0x00000000000027c4      0xbec ./Core/Src/stm32f1xx_hal_msp.o
 .debug_info    0x00000000000033b0      0xc29 ./Core/Src/stm32f1xx_it.o
 .debug_info    0x0000000000003fd9      0x23d ./Core/Src/system_stm32f1xx.o
 .debug_info    0x0000000000004216       0x22 ./Core/Startup/startup_stm32f103rctx.o
 .debug_info    0x0000000000004238      0x79a ./Drivers/STM32F1xx_HAL_Driver/Src/stm32f1xx_hal.o
 .debug_info    0x00000000000049d2      0xb86 ./Drivers/STM32F1xx_HAL_Driver/Src/stm32f1xx_hal_cortex.o
 .debug_info    0x0000000000005558      0x744 ./Drivers/STM32F1xx_HAL_Driver/Src/stm32f1xx_hal_dma.o
 .debug_info    0x0000000000005c9c      0x615 ./Drivers/STM32F1xx_HAL_Driver/Src/stm32f1xx_hal_gpio.o
 .debug_info    0x00000000000062b1     0x182e ./Drivers/STM32F1xx_HAL_Driver/Src/stm32f1xx_hal_pcd.o
 .debug_info    0x0000000000007adf      0x71a ./Drivers/STM32F1xx_HAL_Driver/Src/stm32f1xx_hal_pcd_ex.o
 .debug_info    0x00000000000081f9      0x865 ./Drivers/STM32F1xx_HAL_Driver/Src/stm32f1xx_hal_rcc.o
 .debug_info    0x0000000000008a5e      0x40f ./Drivers/STM32F1xx_HAL_Driver/Src/stm32f1xx_hal_rcc_ex.o
 .debug_info    0x0000000000008e6d     0x2bab ./Drivers/STM32F1xx_HAL_Driver/Src/stm32f1xx_hal_tim.o
 .debug_info    0x000000000000ba18     0x15c7 ./Drivers/STM32F1xx_HAL_Driver/Src/stm32f1xx_hal_tim_ex.o
 .debug_info    0x000000000000cfdf     0x18d8 ./Drivers/STM32F1xx_HAL_Driver/Src/stm32f1xx_ll_usb.o
 .debug_info    0x000000000000e8b7      0x995 ./Middlewares/ST/STM32_USB_Device_Library/Class/HID/Src/usbd_hid.o
 .debug_info    0x000000000000f24c      0xb02 ./Middlewares/ST/STM32_USB_Device_Library/Core/Src/usbd_core.o
 .debug_info    0x000000000000fd4e      0x9b6 ./Middlewares/ST/STM32_USB_Device_Library/Core/Src/usbd_ctlreq.o
 .debug_info    0x0000000000010704      0x715 ./Middlewares/ST/STM32_USB_Device_Library/Core/Src/usbd_ioreq.o
 .debug_info    0x0000000000010e19      0x59c ./USB_DEVICE/App/usb_device.o
 .debug_info    0x00000000000113b5      0x484 ./USB_DEVICE/App/usbd_desc.o
 .debug_info    0x0000000000011839     0x1988 ./USB_DEVICE/Target/usbd_conf.o

.debug_abbrev   0x0000000000000000     0x32ee
 .debug_abbrev  0x0000000000000000      0x340 ./Core/Src/main.o
 .debug_abbrev  0x0000000000000340      0x206 ./Core/Src/my_RGB.o
 .debug_abbrev  0x0000000000000546      0x215 ./Core/Src/my_tft.o
 .debug_abbrev  0x000000000000075b      0x202 ./Core/Src/stm32f1xx_hal_msp.o
 .debug_abbrev  0x000000000000095d      0x1b5 ./Core/Src/stm32f1xx_it.o
 .debug_abbrev  0x0000000000000b12      0x13b ./Core/Src/system_stm32f1xx.o
 .debug_abbrev  0x0000000000000c4d       0x12 ./Core/Startup/startup_stm32f103rctx.o
 .debug_abbrev  0x0000000000000c5f      0x1fb ./Drivers/STM32F1xx_HAL_Driver/Src/stm32f1xx_hal.o
 .debug_abbrev  0x0000000000000e5a      0x2ed ./Drivers/STM32F1xx_HAL_Driver/Src/stm32f1xx_hal_cortex.o
 .debug_abbrev  0x0000000000001147      0x1fe ./Drivers/STM32F1xx_HAL_Driver/Src/stm32f1xx_hal_dma.o
 .debug_abbrev  0x0000000000001345      0x1bb ./Drivers/STM32F1xx_HAL_Driver/Src/stm32f1xx_hal_gpio.o
 .debug_abbrev  0x0000000000001500      0x2c0 ./Drivers/STM32F1xx_HAL_Driver/Src/stm32f1xx_hal_pcd.o
 .debug_abbrev  0x00000000000017c0      0x17f ./Drivers/STM32F1xx_HAL_Driver/Src/stm32f1xx_hal_pcd_ex.o
 .debug_abbrev  0x000000000000193f      0x2a8 ./Drivers/STM32F1xx_HAL_Driver/Src/stm32f1xx_hal_rcc.o
 .debug_abbrev  0x0000000000001be7      0x182 ./Drivers/STM32F1xx_HAL_Driver/Src/stm32f1xx_hal_rcc_ex.o
 .debug_abbrev  0x0000000000001d69      0x264 ./Drivers/STM32F1xx_HAL_Driver/Src/stm32f1xx_hal_tim.o
 .debug_abbrev  0x0000000000001fcd      0x26c ./Drivers/STM32F1xx_HAL_Driver/Src/stm32f1xx_hal_tim_ex.o
 .debug_abbrev  0x0000000000002239      0x1d4 ./Drivers/STM32F1xx_HAL_Driver/Src/stm32f1xx_ll_usb.o
 .debug_abbrev  0x000000000000240d      0x258 ./Middlewares/ST/STM32_USB_Device_Library/Class/HID/Src/usbd_hid.o
 .debug_abbrev  0x0000000000002665      0x236 ./Middlewares/ST/STM32_USB_Device_Library/Core/Src/usbd_core.o
 .debug_abbrev  0x000000000000289b      0x257 ./Middlewares/ST/STM32_USB_Device_Library/Core/Src/usbd_ctlreq.o
 .debug_abbrev  0x0000000000002af2      0x183 ./Middlewares/ST/STM32_USB_Device_Library/Core/Src/usbd_ioreq.o
 .debug_abbrev  0x0000000000002c75      0x17a ./USB_DEVICE/App/usb_device.o
 .debug_abbrev  0x0000000000002def      0x1fa ./USB_DEVICE/App/usbd_desc.o
 .debug_abbrev  0x0000000000002fe9      0x305 ./USB_DEVICE/Target/usbd_conf.o

.debug_aranges  0x0000000000000000     0x10c8
 .debug_aranges
                0x0000000000000000       0x60 ./Core/Src/main.o
 .debug_aranges
                0x0000000000000060       0x50 ./Core/Src/my_RGB.o
 .debug_aranges
                0x00000000000000b0       0x60 ./Core/Src/my_tft.o
 .debug_aranges
                0x0000000000000110       0x38 ./Core/Src/stm32f1xx_hal_msp.o
 .debug_aranges
                0x0000000000000148       0x80 ./Core/Src/stm32f1xx_it.o
 .debug_aranges
                0x00000000000001c8       0x28 ./Core/Src/system_stm32f1xx.o
 .debug_aranges
                0x00000000000001f0       0x28 ./Core/Startup/startup_stm32f103rctx.o
 .debug_aranges
                0x0000000000000218       0xe0 ./Drivers/STM32F1xx_HAL_Driver/Src/stm32f1xx_hal.o
 .debug_aranges
                0x00000000000002f8      0x100 ./Drivers/STM32F1xx_HAL_Driver/Src/stm32f1xx_hal_cortex.o
 .debug_aranges
                0x00000000000003f8       0x80 ./Drivers/STM32F1xx_HAL_Driver/Src/stm32f1xx_hal_dma.o
 .debug_aranges
                0x0000000000000478       0x58 ./Drivers/STM32F1xx_HAL_Driver/Src/stm32f1xx_hal_gpio.o
 .debug_aranges
                0x00000000000004d0      0x140 ./Drivers/STM32F1xx_HAL_Driver/Src/stm32f1xx_hal_pcd.o
 .debug_aranges
                0x0000000000000610       0x38 ./Drivers/STM32F1xx_HAL_Driver/Src/stm32f1xx_hal_pcd_ex.o
 .debug_aranges
                0x0000000000000648       0x90 ./Drivers/STM32F1xx_HAL_Driver/Src/stm32f1xx_hal_rcc.o
 .debug_aranges
                0x00000000000006d8       0x30 ./Drivers/STM32F1xx_HAL_Driver/Src/stm32f1xx_hal_rcc_ex.o
 .debug_aranges
                0x0000000000000708      0x3d0 ./Drivers/STM32F1xx_HAL_Driver/Src/stm32f1xx_hal_tim.o
 .debug_aranges
                0x0000000000000ad8      0x168 ./Drivers/STM32F1xx_HAL_Driver/Src/stm32f1xx_hal_tim_ex.o
 .debug_aranges
                0x0000000000000c40       0xf8 ./Drivers/STM32F1xx_HAL_Driver/Src/stm32f1xx_ll_usb.o
 .debug_aranges
                0x0000000000000d38       0x68 ./Middlewares/ST/STM32_USB_Device_Library/Class/HID/Src/usbd_hid.o
 .debug_aranges
                0x0000000000000da0       0xb8 ./Middlewares/ST/STM32_USB_Device_Library/Core/Src/usbd_core.o
 .debug_aranges
                0x0000000000000e58       0x88 ./Middlewares/ST/STM32_USB_Device_Library/Core/Src/usbd_ctlreq.o
 .debug_aranges
                0x0000000000000ee0       0x50 ./Middlewares/ST/STM32_USB_Device_Library/Core/Src/usbd_ioreq.o
 .debug_aranges
                0x0000000000000f30       0x20 ./USB_DEVICE/App/usb_device.o
 .debug_aranges
                0x0000000000000f50       0x60 ./USB_DEVICE/App/usbd_desc.o
 .debug_aranges
                0x0000000000000fb0      0x118 ./USB_DEVICE/Target/usbd_conf.o

.debug_ranges   0x0000000000000000      0xf40
 .debug_ranges  0x0000000000000000       0x50 ./Core/Src/main.o
 .debug_ranges  0x0000000000000050       0x40 ./Core/Src/my_RGB.o
 .debug_ranges  0x0000000000000090       0x50 ./Core/Src/my_tft.o
 .debug_ranges  0x00000000000000e0       0x28 ./Core/Src/stm32f1xx_hal_msp.o
 .debug_ranges  0x0000000000000108       0x70 ./Core/Src/stm32f1xx_it.o
 .debug_ranges  0x0000000000000178       0x18 ./Core/Src/system_stm32f1xx.o
 .debug_ranges  0x0000000000000190       0x20 ./Core/Startup/startup_stm32f103rctx.o
 .debug_ranges  0x00000000000001b0       0xd0 ./Drivers/STM32F1xx_HAL_Driver/Src/stm32f1xx_hal.o
 .debug_ranges  0x0000000000000280       0xf0 ./Drivers/STM32F1xx_HAL_Driver/Src/stm32f1xx_hal_cortex.o
 .debug_ranges  0x0000000000000370       0x70 ./Drivers/STM32F1xx_HAL_Driver/Src/stm32f1xx_hal_dma.o
 .debug_ranges  0x00000000000003e0       0x48 ./Drivers/STM32F1xx_HAL_Driver/Src/stm32f1xx_hal_gpio.o
 .debug_ranges  0x0000000000000428      0x130 ./Drivers/STM32F1xx_HAL_Driver/Src/stm32f1xx_hal_pcd.o
 .debug_ranges  0x0000000000000558       0x28 ./Drivers/STM32F1xx_HAL_Driver/Src/stm32f1xx_hal_pcd_ex.o
 .debug_ranges  0x0000000000000580       0x80 ./Drivers/STM32F1xx_HAL_Driver/Src/stm32f1xx_hal_rcc.o
 .debug_ranges  0x0000000000000600       0x20 ./Drivers/STM32F1xx_HAL_Driver/Src/stm32f1xx_hal_rcc_ex.o
 .debug_ranges  0x0000000000000620      0x3c0 ./Drivers/STM32F1xx_HAL_Driver/Src/stm32f1xx_hal_tim.o
 .debug_ranges  0x00000000000009e0      0x158 ./Drivers/STM32F1xx_HAL_Driver/Src/stm32f1xx_hal_tim_ex.o
 .debug_ranges  0x0000000000000b38       0xe8 ./Drivers/STM32F1xx_HAL_Driver/Src/stm32f1xx_ll_usb.o
 .debug_ranges  0x0000000000000c20       0x58 ./Middlewares/ST/STM32_USB_Device_Library/Class/HID/Src/usbd_hid.o
 .debug_ranges  0x0000000000000c78       0xa8 ./Middlewares/ST/STM32_USB_Device_Library/Core/Src/usbd_core.o
 .debug_ranges  0x0000000000000d20       0x78 ./Middlewares/ST/STM32_USB_Device_Library/Core/Src/usbd_ctlreq.o
 .debug_ranges  0x0000000000000d98       0x40 ./Middlewares/ST/STM32_USB_Device_Library/Core/Src/usbd_ioreq.o
 .debug_ranges  0x0000000000000dd8       0x10 ./USB_DEVICE/App/usb_device.o
 .debug_ranges  0x0000000000000de8       0x50 ./USB_DEVICE/App/usbd_desc.o
 .debug_ranges  0x0000000000000e38      0x108 ./USB_DEVICE/Target/usbd_conf.o

.debug_macro    0x0000000000000000    0x1c71c
 .debug_macro   0x0000000000000000      0x433 ./Core/Src/main.o
 .debug_macro   0x0000000000000433      0xa6c ./Core/Src/main.o
 .debug_macro   0x0000000000000e9f      0x221 ./Core/Src/main.o
 .debug_macro   0x00000000000010c0       0x2e ./Core/Src/main.o
 .debug_macro   0x00000000000010ee       0x22 ./Core/Src/main.o
 .debug_macro   0x0000000000001110       0x22 ./Core/Src/main.o
 .debug_macro   0x0000000000001132       0x8e ./Core/Src/main.o
 .debug_macro   0x00000000000011c0       0x51 ./Core/Src/main.o
 .debug_macro   0x0000000000001211      0x103 ./Core/Src/main.o
 .debug_macro   0x0000000000001314       0x6a ./Core/Src/main.o
 .debug_macro   0x000000000000137e      0x1df ./Core/Src/main.o
 .debug_macro   0x000000000000155d       0x1c ./Core/Src/main.o
 .debug_macro   0x0000000000001579       0x22 ./Core/Src/main.o
 .debug_macro   0x000000000000159b       0xbd ./Core/Src/main.o
 .debug_macro   0x0000000000001658      0xd23 ./Core/Src/main.o
 .debug_macro   0x000000000000237b     0xfd8c ./Core/Src/main.o
 .debug_macro   0x0000000000012107       0x6d ./Core/Src/main.o
 .debug_macro   0x0000000000012174     0x348d ./Core/Src/main.o
 .debug_macro   0x0000000000015601      0x174 ./Core/Src/main.o
 .debug_macro   0x0000000000015775       0x5c ./Core/Src/main.o
 .debug_macro   0x00000000000157d1      0x5bc ./Core/Src/main.o
 .debug_macro   0x0000000000015d8d      0x4d5 ./Core/Src/main.o
 .debug_macro   0x0000000000016262      0x1cb ./Core/Src/main.o
 .debug_macro   0x000000000001642d      0x114 ./Core/Src/main.o
 .debug_macro   0x0000000000016541      0x1ea ./Core/Src/main.o
 .debug_macro   0x000000000001672b       0x27 ./Core/Src/main.o
 .debug_macro   0x0000000000016752      0x144 ./Core/Src/main.o
 .debug_macro   0x0000000000016896      0x1bc ./Core/Src/main.o
 .debug_macro   0x0000000000016a52       0x30 ./Core/Src/main.o
 .debug_macro   0x0000000000016a82       0x3c ./Core/Src/main.o
 .debug_macro   0x0000000000016abe       0x57 ./Core/Src/main.o
 .debug_macro   0x0000000000016b15       0x87 ./Core/Src/main.o
 .debug_macro   0x0000000000016b9c      0x24f ./Core/Src/main.o
 .debug_macro   0x0000000000016deb      0x140 ./Core/Src/main.o
 .debug_macro   0x0000000000016f2b      0x8ed ./Core/Src/main.o
 .debug_macro   0x0000000000017818       0xab ./Core/Src/main.o
 .debug_macro   0x00000000000178c3      0x242 ./Core/Src/main.o
 .debug_macro   0x0000000000017b05       0xb5 ./Core/Src/main.o
 .debug_macro   0x0000000000017bba       0x52 ./Core/Src/main.o
 .debug_macro   0x0000000000017c0c       0x18 ./Core/Src/main.o
 .debug_macro   0x0000000000017c24       0x3c ./Core/Src/main.o
 .debug_macro   0x0000000000017c60       0x34 ./Core/Src/main.o
 .debug_macro   0x0000000000017c94       0x16 ./Core/Src/main.o
 .debug_macro   0x0000000000017caa       0x35 ./Core/Src/main.o
 .debug_macro   0x0000000000017cdf      0x341 ./Core/Src/main.o
 .debug_macro   0x0000000000018020       0x10 ./Core/Src/main.o
 .debug_macro   0x0000000000018030       0x16 ./Core/Src/main.o
 .debug_macro   0x0000000000018046       0x43 ./Core/Src/main.o
 .debug_macro   0x0000000000018089       0x34 ./Core/Src/main.o
 .debug_macro   0x00000000000180bd       0x10 ./Core/Src/main.o
 .debug_macro   0x00000000000180cd       0x58 ./Core/Src/main.o
 .debug_macro   0x0000000000018125       0x71 ./Core/Src/main.o
 .debug_macro   0x0000000000018196       0x1c ./Core/Src/main.o
 .debug_macro   0x00000000000181b2      0x12a ./Core/Src/main.o
 .debug_macro   0x00000000000182dc       0x10 ./Core/Src/main.o
 .debug_macro   0x00000000000182ec       0x1c ./Core/Src/main.o
 .debug_macro   0x0000000000018308       0x52 ./Core/Src/main.o
 .debug_macro   0x000000000001835a       0x22 ./Core/Src/main.o
 .debug_macro   0x000000000001837c       0x10 ./Core/Src/main.o
 .debug_macro   0x000000000001838c       0x52 ./Core/Src/main.o
 .debug_macro   0x00000000000183de       0xd5 ./Core/Src/main.o
 .debug_macro   0x00000000000184b3       0x1c ./Core/Src/main.o
 .debug_macro   0x00000000000184cf       0x3d ./Core/Src/main.o
 .debug_macro   0x000000000001850c       0x16 ./Core/Src/main.o
 .debug_macro   0x0000000000018522      0x145 ./Core/Src/main.o
 .debug_macro   0x0000000000018667       0x16 ./Core/Src/main.o
 .debug_macro   0x000000000001867d       0x16 ./Core/Src/main.o
 .debug_macro   0x0000000000018693       0x29 ./Core/Src/main.o
 .debug_macro   0x00000000000186bc       0x16 ./Core/Src/main.o
 .debug_macro   0x00000000000186d2       0x20 ./Core/Src/main.o
 .debug_macro   0x00000000000186f2       0x5f ./Core/Src/main.o
 .debug_macro   0x0000000000018751      0x1c8 ./Core/Src/main.o
 .debug_macro   0x0000000000018919       0x5e ./Core/Src/main.o
 .debug_macro   0x0000000000018977       0x46 ./Core/Src/main.o
 .debug_macro   0x00000000000189bd       0x40 ./Core/Src/main.o
 .debug_macro   0x00000000000189fd      0x1ee ./Core/Src/my_RGB.o
 .debug_macro   0x0000000000018beb      0x2c4 ./Core/Src/my_tft.o
 .debug_macro   0x0000000000018eaf       0x3a ./Core/Src/my_tft.o
 .debug_macro   0x0000000000018ee9      0x1c7 ./Core/Src/stm32f1xx_hal_msp.o
 .debug_macro   0x00000000000190b0      0x1d1 ./Core/Src/stm32f1xx_it.o
 .debug_macro   0x0000000000019281      0x1bd ./Core/Src/system_stm32f1xx.o
 .debug_macro   0x000000000001943e      0x1e1 ./Drivers/STM32F1xx_HAL_Driver/Src/stm32f1xx_hal.o
 .debug_macro   0x000000000001961f      0x1bd ./Drivers/STM32F1xx_HAL_Driver/Src/stm32f1xx_hal_cortex.o
 .debug_macro   0x00000000000197dc      0x1bd ./Drivers/STM32F1xx_HAL_Driver/Src/stm32f1xx_hal_dma.o
 .debug_macro   0x0000000000019999      0x228 ./Drivers/STM32F1xx_HAL_Driver/Src/stm32f1xx_hal_gpio.o
 .debug_macro   0x0000000000019bc1      0x1c9 ./Drivers/STM32F1xx_HAL_Driver/Src/stm32f1xx_hal_pcd.o
 .debug_macro   0x0000000000019d8a      0x1bd ./Drivers/STM32F1xx_HAL_Driver/Src/stm32f1xx_hal_pcd_ex.o
 .debug_macro   0x0000000000019f47      0x1cf ./Drivers/STM32F1xx_HAL_Driver/Src/stm32f1xx_hal_rcc.o
 .debug_macro   0x000000000001a116      0x1bd ./Drivers/STM32F1xx_HAL_Driver/Src/stm32f1xx_hal_rcc_ex.o
 .debug_macro   0x000000000001a2d3      0x1be ./Drivers/STM32F1xx_HAL_Driver/Src/stm32f1xx_hal_tim.o
 .debug_macro   0x000000000001a491      0x1bd ./Drivers/STM32F1xx_HAL_Driver/Src/stm32f1xx_hal_tim_ex.o
 .debug_macro   0x000000000001a64e      0x1bd ./Drivers/STM32F1xx_HAL_Driver/Src/stm32f1xx_ll_usb.o
 .debug_macro   0x000000000001a80b      0x3dd ./Middlewares/ST/STM32_USB_Device_Library/Class/HID/Src/usbd_hid.o
 .debug_macro   0x000000000001abe8       0x97 ./Middlewares/ST/STM32_USB_Device_Library/Class/HID/Src/usbd_hid.o
 .debug_macro   0x000000000001ac7f       0xfd ./Middlewares/ST/STM32_USB_Device_Library/Class/HID/Src/usbd_hid.o
 .debug_macro   0x000000000001ad7c       0x56 ./Middlewares/ST/STM32_USB_Device_Library/Class/HID/Src/usbd_hid.o
 .debug_macro   0x000000000001add2      0x3c4 ./Middlewares/ST/STM32_USB_Device_Library/Core/Src/usbd_core.o
 .debug_macro   0x000000000001b196      0x1ce ./Middlewares/ST/STM32_USB_Device_Library/Core/Src/usbd_core.o
 .debug_macro   0x000000000001b364      0x3ce ./Middlewares/ST/STM32_USB_Device_Library/Core/Src/usbd_ctlreq.o
 .debug_macro   0x000000000001b732      0x3ca ./Middlewares/ST/STM32_USB_Device_Library/Core/Src/usbd_ioreq.o
 .debug_macro   0x000000000001bafc      0x3fa ./USB_DEVICE/App/usb_device.o
 .debug_macro   0x000000000001bef6       0x22 ./USB_DEVICE/App/usb_device.o
 .debug_macro   0x000000000001bf18      0x401 ./USB_DEVICE/App/usbd_desc.o
 .debug_macro   0x000000000001c319       0x1c ./USB_DEVICE/App/usbd_desc.o
 .debug_macro   0x000000000001c335      0x3e7 ./USB_DEVICE/Target/usbd_conf.o

.debug_line     0x0000000000000000    0x14f1e
 .debug_line    0x0000000000000000      0xf79 ./Core/Src/main.o
 .debug_line    0x0000000000000f79      0x812 ./Core/Src/my_RGB.o
 .debug_line    0x000000000000178b      0x945 ./Core/Src/my_tft.o
 .debug_line    0x00000000000020d0      0x776 ./Core/Src/stm32f1xx_hal_msp.o
 .debug_line    0x0000000000002846      0x7cb ./Core/Src/stm32f1xx_it.o
 .debug_line    0x0000000000003011      0x727 ./Core/Src/system_stm32f1xx.o
 .debug_line    0x0000000000003738       0x87 ./Core/Startup/startup_stm32f103rctx.o
 .debug_line    0x00000000000037bf      0x954 ./Drivers/STM32F1xx_HAL_Driver/Src/stm32f1xx_hal.o
 .debug_line    0x0000000000004113      0xb3c ./Drivers/STM32F1xx_HAL_Driver/Src/stm32f1xx_hal_cortex.o
 .debug_line    0x0000000000004c4f     0x127f ./Drivers/STM32F1xx_HAL_Driver/Src/stm32f1xx_hal_dma.o
 .debug_line    0x0000000000005ece      0xa15 ./Drivers/STM32F1xx_HAL_Driver/Src/stm32f1xx_hal_gpio.o
 .debug_line    0x00000000000068e3     0x1385 ./Drivers/STM32F1xx_HAL_Driver/Src/stm32f1xx_hal_pcd.o
 .debug_line    0x0000000000007c68      0x722 ./Drivers/STM32F1xx_HAL_Driver/Src/stm32f1xx_hal_pcd_ex.o
 .debug_line    0x000000000000838a      0xd60 ./Drivers/STM32F1xx_HAL_Driver/Src/stm32f1xx_hal_rcc.o
 .debug_line    0x00000000000090ea      0x8af ./Drivers/STM32F1xx_HAL_Driver/Src/stm32f1xx_hal_rcc_ex.o
 .debug_line    0x0000000000009999     0x35ff ./Drivers/STM32F1xx_HAL_Driver/Src/stm32f1xx_hal_tim.o
 .debug_line    0x000000000000cf98     0x1910 ./Drivers/STM32F1xx_HAL_Driver/Src/stm32f1xx_hal_tim_ex.o
 .debug_line    0x000000000000e8a8     0x1009 ./Drivers/STM32F1xx_HAL_Driver/Src/stm32f1xx_ll_usb.o
 .debug_line    0x000000000000f8b1      0xbee ./Middlewares/ST/STM32_USB_Device_Library/Class/HID/Src/usbd_hid.o
 .debug_line    0x000000000001049f      0xdb5 ./Middlewares/ST/STM32_USB_Device_Library/Core/Src/usbd_core.o
 .debug_line    0x0000000000011254      0xfd7 ./Middlewares/ST/STM32_USB_Device_Library/Core/Src/usbd_ctlreq.o
 .debug_line    0x000000000001222b      0xa4b ./Middlewares/ST/STM32_USB_Device_Library/Core/Src/usbd_ioreq.o
 .debug_line    0x0000000000012c76      0x9f0 ./USB_DEVICE/App/usb_device.o
 .debug_line    0x0000000000013666      0xad4 ./USB_DEVICE/App/usbd_desc.o
 .debug_line    0x000000000001413a      0xde4 ./USB_DEVICE/Target/usbd_conf.o

.debug_str      0x0000000000000000    0x9c172
 .debug_str     0x0000000000000000    0x980f8 ./Core/Src/main.o
                                      0x98730 (size before relaxing)
 .debug_str     0x00000000000980f8       0xde ./Core/Src/my_RGB.o
                                      0x92cd9 (size before relaxing)
 .debug_str     0x00000000000981d6      0x907 ./Core/Src/my_tft.o
                                      0x92ff3 (size before relaxing)
 .debug_str     0x0000000000098add       0xc0 ./Core/Src/stm32f1xx_hal_msp.o
                                      0x92f7e (size before relaxing)
 .debug_str     0x0000000000098b9d      0x41c ./Core/Src/stm32f1xx_it.o
                                      0x92e5d (size before relaxing)
 .debug_str     0x0000000000098fb9       0x7e ./Core/Src/system_stm32f1xx.o
                                      0x925d2 (size before relaxing)
 .debug_str     0x0000000000099037       0x36 ./Core/Startup/startup_stm32f103rctx.o
                                         0x6d (size before relaxing)
 .debug_str     0x000000000009906d      0x384 ./Drivers/STM32F1xx_HAL_Driver/Src/stm32f1xx_hal.o
                                      0x92de9 (size before relaxing)
 .debug_str     0x00000000000993f1      0x26c ./Drivers/STM32F1xx_HAL_Driver/Src/stm32f1xx_hal_cortex.o
                                      0x92d35 (size before relaxing)
 .debug_str     0x000000000009965d      0x20e ./Drivers/STM32F1xx_HAL_Driver/Src/stm32f1xx_hal_dma.o
                                      0x9297b (size before relaxing)
 .debug_str     0x000000000009986b      0x2e0 ./Drivers/STM32F1xx_HAL_Driver/Src/stm32f1xx_hal_gpio.o
                                      0x92958 (size before relaxing)
 .debug_str     0x0000000000099b4b      0x5bd ./Drivers/STM32F1xx_HAL_Driver/Src/stm32f1xx_hal_pcd.o
                                      0x92ee4 (size before relaxing)
 .debug_str     0x000000000009a108      0x170 ./Drivers/STM32F1xx_HAL_Driver/Src/stm32f1xx_hal_pcd_ex.o
                                      0x92a46 (size before relaxing)
 .debug_str     0x000000000009a278      0x229 ./Drivers/STM32F1xx_HAL_Driver/Src/stm32f1xx_hal_rcc.o
                                      0x92a01 (size before relaxing)
 .debug_str     0x000000000009a4a1       0x9f ./Drivers/STM32F1xx_HAL_Driver/Src/stm32f1xx_hal_rcc_ex.o
                                      0x9278f (size before relaxing)
 .debug_str     0x000000000009a540      0xcf9 ./Drivers/STM32F1xx_HAL_Driver/Src/stm32f1xx_hal_tim.o
                                      0x939f3 (size before relaxing)
 .debug_str     0x000000000009b239      0x3e1 ./Drivers/STM32F1xx_HAL_Driver/Src/stm32f1xx_hal_tim_ex.o
                                      0x9320f (size before relaxing)
 .debug_str     0x000000000009b61a      0x129 ./Drivers/STM32F1xx_HAL_Driver/Src/stm32f1xx_ll_usb.o
                                      0x92a98 (size before relaxing)
 .debug_str     0x000000000009b743      0x291 ./Middlewares/ST/STM32_USB_Device_Library/Class/HID/Src/usbd_hid.o
                                      0x97595 (size before relaxing)
 .debug_str     0x000000000009b9d4      0x298 ./Middlewares/ST/STM32_USB_Device_Library/Core/Src/usbd_core.o
                                      0x97424 (size before relaxing)
 .debug_str     0x000000000009bc6c      0x11b ./Middlewares/ST/STM32_USB_Device_Library/Core/Src/usbd_ctlreq.o
                                      0x9733e (size before relaxing)
 .debug_str     0x000000000009bd87       0x79 ./Middlewares/ST/STM32_USB_Device_Library/Core/Src/usbd_ioreq.o
                                      0x9726b (size before relaxing)
 .debug_str     0x000000000009be00       0xa2 ./USB_DEVICE/App/usb_device.o
                                      0x973e9 (size before relaxing)
 .debug_str     0x000000000009bea2      0x258 ./USB_DEVICE/App/usbd_desc.o
                                      0x971a7 (size before relaxing)
 .debug_str     0x000000000009c0fa       0x78 ./USB_DEVICE/Target/usbd_conf.o
                                      0x98000 (size before relaxing)
